<html>
<body>
<pre>
<h1>µVision Build Log</h1>
<h2>Tool Versions:</h2>
IDE-Version: µVision V5.41.0.0
Copyright (C) 2024 ARM Ltd and ARM Germany GmbH. All rights reserved.
License Information: Thanh Kieu, HP Inc., LIC=ATTQ1-CBBQA-9UA4U-SYV6A-UFX8D-QWIKF
 
Tool Versions:
Toolchain:       MDK-ARM Plus  Version: 5.41.0.0
Toolchain Path:  C:\Keil_v5\ARM\ARMCLANG\Bin
C Compiler:      ArmClang.exe V6.22
Assembler:       Armasm.exe V6.22
Linker/Locator:  ArmLink.exe V6.22
Library Manager: ArmAr.exe V6.22
Hex Converter:   FromElf.exe V6.22
CPU DLL:         SARMCM3.DLL V5.41.0.0
Dialog DLL:      DCM.DLL V1.17.5.0
Target DLL:      STLink\ST-LINKIII-KEIL_SWO.dll V3.3.0.0
Dialog DLL:      TCM.DLL V1.56.4.0
 
<h2>Project:</h2>
D:\Stm32\BTL_LTN\B2_1\MDK\B2_1.uvprojx
Project File Date:  11/19/2024

<h2>Output:</h2>
*** Using Compiler 'V6.22', folder: 'C:\Keil_v5\ARM\ARMCLANG\Bin'
Rebuild target 'Target_1'
compiling retarget_os_rtos2.c...
compiling os_systick.c...
compiling retarget_io.c...
compiling clib_os.c...
assembling startup_stm32f10x_md.s...
compiling main.c...
compiling freertos_evr.c...
compiling system_stm32f10x.c...
compiling event_groups.c...
compiling list.c...
compiling cmsis_os2.c...
compiling port.c...
compiling heap_4.c...
compiling timers.c...
compiling queue.c...
compiling tasks.c...
linking...
Program Size: Code=20748 RO-data=932 RW-data=8 ZI-data=12392  
FromELF: creating hex file...
".\Objects\B2_1.axf" - 0 Error(s), 0 Warning(s).

<h2>Software Packages used:</h2>

Package Vendor: ARM
                https://www.keil.com/pack/ARM.CMSIS.6.1.0.pack
                ARM::CMSIS@6.1.0
                CMSIS (Common Microcontroller Software Interface Standard)
   * Component: OS Tick Version: 1.0.1
   * Component: RTOS2 Version: 2.3.0
   * Component: CORE Version: 6.1.0
   * Component: SysTick Version: 1.0.5

Package Vendor: ARM
                https://www.keil.com/pack/ARM.CMSIS-Compiler.2.1.0.pack
                ARM::CMSIS-Compiler@2.1.0
                CMSIS Compiler extensions for Arm Compiler, GCC, Clang, and IAR Compiler
   * Component: OS Interface Version: 1.1.0
   * Component: CORE Version: 1.1.0
   * Component: CMSIS-RTOS2 Version: 2.1.0

Package Vendor: ARM
                https://www.keil.com/pack/ARM.CMSIS-FreeRTOS.11.1.0.pack
                ARM::CMSIS-FreeRTOS@11.1.0
                Bundle of FreeRTOS for Cortex-M and Cortex-A
   * Component: FreeRTOS Variant: Cortex-M Version: 11.1.0
   * Component: Config Variant: CMSIS RTOS2 Version: 11.1.0
   * Component: Core Variant: Cortex-M Version: 11.1.0
   * Component: Event Groups Version: 11.1.0
   * Component: Heap Variant: Heap_4 Version: 11.1.0
   * Component: Timers Version: 11.1.0

Package Vendor: Keil
                https://www.keil.com/pack/Keil.STM32F1xx_DFP.2.4.1.pack
                Keil::STM32F1xx_DFP@2.4.1
                STMicroelectronics STM32F1 Series Device Support, Drivers and Examples
   * Component: Startup Version: 1.0.0

<h2>Collection of Component include folders:</h2>
  ./RTE/Device/STM32F103C8
  ./RTE/RTOS
  ./RTE/_Target_1
  C:/Users/anhdi/AppData/Local/Arm/Packs/ARM/CMSIS-Compiler/2.1.0/include/armcc
  C:/Users/anhdi/AppData/Local/Arm/Packs/ARM/CMSIS-FreeRTOS/11.1.0/CMSIS/RTOS2/FreeRTOS/Include
  C:/Users/anhdi/AppData/Local/Arm/Packs/ARM/CMSIS-FreeRTOS/11.1.0/Source/include
  C:/Users/anhdi/AppData/Local/Arm/Packs/ARM/CMSIS-FreeRTOS/11.1.0/Source/portable/GCC/ARM_CM3
  C:/Users/anhdi/AppData/Local/Arm/Packs/ARM/CMSIS/6.1.0/CMSIS/Core/Include
  C:/Users/anhdi/AppData/Local/Arm/Packs/ARM/CMSIS/6.1.0/CMSIS/RTOS2/Include
  C:/Users/anhdi/AppData/Local/Arm/Packs/Keil/STM32F1xx_DFP/2.4.1/Device/Include

<h2>Collection of Component Files used:</h2>

   * Component: ::CMSIS-Compiler:OS Interface(API)@1.1.0
      Include file:  include/armcc/retarget_os.h

   * Component: ::CMSIS:OS Tick(API)@1.0.1
      Include file:  CMSIS/RTOS2/Include/os_tick.h

   * Component: ::CMSIS:RTOS2(API)@2.3.0
      Include file:  CMSIS/RTOS2/Include/cmsis_os2.h

   * Component: ARM::CMSIS-Compiler:CORE@1.1.0
      Source file:   source/armcc/retarget_io.c

   * Component: ARM::CMSIS-Compiler:OS Interface:CMSIS-RTOS2@2.1.0
      Source file:   source/armcc/retarget_os_rtos2.c

   * Component: ARM::CMSIS:CORE@6.1.0

   * Component: ARM::CMSIS:OS Tick:SysTick@1.0.5
      Source file:   CMSIS/RTOS2/Source/os_systick.c

   * Component: ARM::CMSIS:RTOS2:FreeRTOS&Cortex-M@11.1.0
      Source file:   CMSIS/RTOS2/FreeRTOS/Source/cmsis_os2.c
      Include file:  CMSIS/RTOS2/FreeRTOS/Include/freertos_mpool.h
      Source file:   CMSIS/RTOS2/FreeRTOS/Source/clib_os.c

   * Component: ARM::RTOS&FreeRTOS:Config&CMSIS RTOS2@11.1.0
      Include file:  CMSIS/RTOS2/FreeRTOS/Config/FreeRTOSConfig.h

   * Component: ARM::RTOS&FreeRTOS:Core&Cortex-M@11.1.0
      Source file:   CMSIS/RTOS2/FreeRTOS/Source/freertos_evr.c
      Source file:   Source/tasks.c
      Source file:   Source/queue.c
      Source file:   Source/portable/GCC/ARM_CM3/port.c
      Include file:  Source/include/queue.h
      Include file:  Source/include/semphr.h
      Include file:  Source/include/FreeRTOS.h
      Source file:   Source/list.c
      Include file:  Source/include/task.h

   * Component: ARM::RTOS&FreeRTOS:Event Groups@11.1.0
      Include file:  Source/include/event_groups.h
      Source file:   Source/event_groups.c

   * Component: ARM::RTOS&FreeRTOS:Heap&Heap_4@11.1.0
      Source file:   Source/portable/MemMang/heap_4.c

   * Component: ARM::RTOS&FreeRTOS:Timers@11.1.0
      Include file:  Source/include/timers.h
      Source file:   Source/timers.c

   * Component: Keil::Device:Startup@1.0.0
      Source file:   Device/Source/ARM/startup_stm32f10x_md.s
      Source file:   Device/Source/ARM/STM32F1xx_OPT.s
      Include file:  RTE_Driver/Config/RTE_Device.h
      Source file:   Device/Source/system_stm32f10x.c
Build Time Elapsed:  00:00:01
</pre>
</body>
</html>
