Component: Arm Compiler for Embedded 6.22 Tool: armlink [5ee90200]

==============================================================================

Section Cross References

    main.o(.ARM.exidx.text.UART_Config) refers to main.o(.text.UART_Config) for [Anonymous Symbol]
    main.o(.ARM.exidx.text.UART_SendChar) refers to main.o(.text.UART_SendChar) for [Anonymous Symbol]
    main.o(.text.UART_SendString) refers to main.o(.text.UART_SendChar) for UART_SendChar
    main.o(.ARM.exidx.text.UART_SendString) refers to main.o(.text.UART_SendString) for [Anonymous Symbol]
    main.o(.ARM.exidx.text.ADC_Config) refers to main.o(.text.ADC_Config) for [Anonymous Symbol]
    main.o(.ARM.exidx.text.ADC1_Read) refers to main.o(.text.ADC1_Read) for [Anonymous Symbol]
    main.o(.ARM.exidx.text.ADC2_Read) refers to main.o(.text.ADC2_Read) for [Anonymous Symbol]
    main.o(.ARM.exidx.text.PWM_Init) refers to main.o(.text.PWM_Init) for [Anonymous Symbol]
    main.o(.text.task_ADC1) refers to main.o(.text.ADC1_Read) for ADC1_Read
    main.o(.text.task_ADC1) refers to main.o(.bss.ADCValue1) for ADCValue1
    main.o(.text.task_ADC1) refers to main.o(.bss.f) for f
    main.o(.text.task_ADC1) refers to tasks.o(.text.vTaskDelay) for vTaskDelay
    main.o(.ARM.exidx.text.task_ADC1) refers to main.o(.text.task_ADC1) for [Anonymous Symbol]
    main.o(.text.task_ADC2) refers to main.o(.text.ADC2_Read) for ADC2_Read
    main.o(.text.task_ADC2) refers to main.o(.bss.ADCValue2) for ADCValue2
    main.o(.text.task_ADC2) refers to main.o(.bss.w) for w
    main.o(.text.task_ADC2) refers to tasks.o(.text.vTaskDelay) for vTaskDelay
    main.o(.ARM.exidx.text.task_ADC2) refers to main.o(.text.task_ADC2) for [Anonymous Symbol]
    main.o(.text.task_PWM) refers to main.o(.bss.f) for f
    main.o(.text.task_PWM) refers to main.o(.bss.w) for w
    main.o(.text.task_PWM) refers to main.o(.text.PWM_Init) for PWM_Init
    main.o(.text.task_PWM) refers to tasks.o(.text.vTaskDelay) for vTaskDelay
    main.o(.ARM.exidx.text.task_PWM) refers to main.o(.text.task_PWM) for [Anonymous Symbol]
    main.o(.text.task_UART) refers to main.o(.bss.ADCValue1) for ADCValue1
    main.o(.text.task_UART) refers to main.o(.bss.ADCValue2) for ADCValue2
    main.o(.text.task_UART) refers to main.o(.bss.f) for f
    main.o(.text.task_UART) refers to main.o(.bss.w) for w
    main.o(.text.task_UART) refers to main.o(.rodata.str1.1) for .L.str
    main.o(.text.task_UART) refers to sprintf.o(.text) for sprintf
    main.o(.text.task_UART) refers to main.o(.text.UART_SendString) for UART_SendString
    main.o(.text.task_UART) refers to tasks.o(.text.vTaskDelay) for vTaskDelay
    main.o(.ARM.exidx.text.task_UART) refers to main.o(.text.task_UART) for [Anonymous Symbol]
    main.o(.text.main) refers to main.o(.text.UART_Config) for UART_Config
    main.o(.text.main) refers to main.o(.text.ADC_Config) for ADC_Config
    main.o(.text.main) refers to main.o(.text.task_ADC2) for task_ADC2
    main.o(.text.main) refers to main.o(.rodata.str1.1) for .L.str.1
    main.o(.text.main) refers to tasks.o(.text.xTaskCreate) for xTaskCreate
    main.o(.text.main) refers to main.o(.text.task_PWM) for task_PWM
    main.o(.text.main) refers to main.o(.text.task_UART) for task_UART
    main.o(.text.main) refers to tasks.o(.text.vTaskStartScheduler) for vTaskStartScheduler
    main.o(.ARM.exidx.text.main) refers to main.o(.text.main) for [Anonymous Symbol]
    clib_os.o(.ARM.exidx.text._platform_post_stackheap_init) refers to clib_os.o(.text._platform_post_stackheap_init) for [Anonymous Symbol]
    cmsis_os2.o(.text.SysTick_Handler) refers to tasks.o(.text.xTaskGetSchedulerState) for xTaskGetSchedulerState
    cmsis_os2.o(.text.SysTick_Handler) refers to port.o(.text.xPortSysTickHandler) for xPortSysTickHandler
    cmsis_os2.o(.ARM.exidx.text.SysTick_Handler) refers to cmsis_os2.o(.text.SysTick_Handler) for [Anonymous Symbol]
    cmsis_os2.o(.text.osKernelInitialize) refers to cmsis_os2.o(.text.IRQ_Context) for IRQ_Context
    cmsis_os2.o(.text.osKernelInitialize) refers to tasks.o(.text.xTaskGetSchedulerState) for xTaskGetSchedulerState
    cmsis_os2.o(.text.osKernelInitialize) refers to cmsis_os2.o(.bss.KernelState) for KernelState
    cmsis_os2.o(.ARM.exidx.text.osKernelInitialize) refers to cmsis_os2.o(.text.osKernelInitialize) for [Anonymous Symbol]
    cmsis_os2.o(.text.IRQ_Context) refers to tasks.o(.text.xTaskGetSchedulerState) for xTaskGetSchedulerState
    cmsis_os2.o(.ARM.exidx.text.IRQ_Context) refers to cmsis_os2.o(.text.IRQ_Context) for [Anonymous Symbol]
    cmsis_os2.o(.text.osKernelGetInfo) refers to cmsis_os2.o(.rodata.str1.1) for .L.str
    cmsis_os2.o(.text.osKernelGetInfo) refers to rt_memcpy_v6.o(.text) for __aeabi_memcpy
    cmsis_os2.o(.ARM.exidx.text.osKernelGetInfo) refers to cmsis_os2.o(.text.osKernelGetInfo) for [Anonymous Symbol]
    cmsis_os2.o(.text.osKernelGetState) refers to tasks.o(.text.xTaskGetSchedulerState) for xTaskGetSchedulerState
[...]
    .L.str.1                                 0x08005334   Data          10  main.o(.rodata.str1.1)
    .L.str.3                                 0x0800533e   Data          10  main.o(.rodata.str1.1)
    .L.str.2                                 0x08005348   Data          11  main.o(.rodata.str1.1)
    .L.str                                   0x08005353   Data           5  tasks.o(.rodata.str1.1)
    [Anonymous Symbol]                       0x08005353   Section        0  tasks.o(.rodata.str1.1)
    .L.str                                   0x08005358   Data           8  timers.o(.rodata.str1.1)
    [Anonymous Symbol]                       0x08005358   Section        0  timers.o(.rodata.str1.1)
    uxTopUsedPriority                        0x08005360   Data           4  tasks.o(.rodata.uxTopUsedPriority)
    [Anonymous Symbol]                       0x08005360   Section        0  tasks.o(.rodata.uxTopUsedPriority)
    locale$$data                             0x08005384   Section       28  lc_numeric_c.o(locale$$data)
    __lcnum_c_name                           0x08005388   Data           2  lc_numeric_c.o(locale$$data)
    __lcnum_c_start                          0x08005390   Data           0  lc_numeric_c.o(locale$$data)
    __lcnum_c_point                          0x0800539c   Data           0  lc_numeric_c.o(locale$$data)
    __lcnum_c_thousands                      0x0800539e   Data           0  lc_numeric_c.o(locale$$data)
    __lcnum_c_grouping                       0x0800539f   Data           0  lc_numeric_c.o(locale$$data)
    __lcnum_c_end                            0x080053a0   Data           0  lc_numeric_c.o(locale$$data)
    locale$$data                             0x080053a0   Section      272  lc_ctype_c.o(locale$$data)
    __lcctype_c_name                         0x080053a4   Data           2  lc_ctype_c.o(locale$$data)
    __lcctype_c_start                        0x080053ac   Data           0  lc_ctype_c.o(locale$$data)
    __lcctype_c_end                          0x080054b0   Data           0  lc_ctype_c.o(locale$$data)
    uxCriticalNesting                        0x20000004   Data           4  port.o(.data.uxCriticalNesting)
    [Anonymous Symbol]                       0x20000004   Section        0  port.o(.data.uxCriticalNesting)
    .bss                                     0x20000008   Section       96  libspace.o(.bss)
    KernelState                              0x20000070   Data           4  cmsis_os2.o(.bss.KernelState)
    [Anonymous Symbol]                       0x20000070   Section        0  cmsis_os2.o(.bss.KernelState)
    prvCheckForValidListAndQueue.ucStaticTimerQueueStorage 0x20000078   Data          80  timers.o(.bss.prvCheckForValidListAndQueue.ucStaticTimerQueueStorage)
    [Anonymous Symbol]                       0x20000078   Section        0  timers.o(.bss.prvCheckForValidListAndQueue.ucStaticTimerQueueStorage)
    prvCheckForValidListAndQueue.xStaticTimerQueue 0x200000c8   Data          80  timers.o(.bss.prvCheckForValidListAndQueue.xStaticTimerQueue)
    [Anonymous Symbol]                       0x200000c8   Section        0  timers.o(.bss.prvCheckForValidListAndQueue.xStaticTimerQueue)
    prvSampleTimeNow.xLastTime               0x20000118   Data           4  timers.o(.bss.prvSampleTimeNow.xLastTime)
    [Anonymous Symbol]                       0x20000118   Section        0  timers.o(.bss.prvSampleTimeNow.xLastTime)
    __tagsym$$used.1                         0x2000011c   Number         0  tasks.o(.bss.pxCurrentTCB)
    pxCurrentTimerList                       0x20000120   Data           4  timers.o(.bss.pxCurrentTimerList)
    [Anonymous Symbol]                       0x20000120   Section        0  timers.o(.bss.pxCurrentTimerList)
    pxDelayedTaskList                        0x20000124   Data           4  tasks.o(.bss.pxDelayedTaskList)
    [Anonymous Symbol]                       0x20000124   Section        0  tasks.o(.bss.pxDelayedTaskList)
    pxEnd                                    0x20000128   Data           4  heap_4.o(.bss.pxEnd)
    [Anonymous Symbol]                       0x20000128   Section        0  heap_4.o(.bss.pxEnd)
    pxOverflowDelayedTaskList                0x2000012c   Data           4  tasks.o(.bss.pxOverflowDelayedTaskList)
    [Anonymous Symbol]                       0x2000012c   Section        0  tasks.o(.bss.pxOverflowDelayedTaskList)
    pxOverflowTimerList                      0x20000130   Data           4  timers.o(.bss.pxOverflowTimerList)
    [Anonymous Symbol]                       0x20000130   Section        0  timers.o(.bss.pxOverflowTimerList)
    pxReadyTasksLists                        0x20000134   Data        1120  tasks.o(.bss.pxReadyTasksLists)
    [Anonymous Symbol]                       0x20000134   Section        0  tasks.o(.bss.pxReadyTasksLists)
    ucHeap                                   0x20000594   Data        8192  heap_4.o(.bss.ucHeap)
    [Anonymous Symbol]                       0x20000594   Section        0  heap_4.o(.bss.ucHeap)
    uxCurrentNumberOfTasks                   0x20002594   Data           4  tasks.o(.bss.uxCurrentNumberOfTasks)
    [Anonymous Symbol]                       0x20002594   Section        0  tasks.o(.bss.uxCurrentNumberOfTasks)
    uxDeletedTasksWaitingCleanUp             0x20002598   Data           4  tasks.o(.bss.uxDeletedTasksWaitingCleanUp)
    [Anonymous Symbol]                       0x20002598   Section        0  tasks.o(.bss.uxDeletedTasksWaitingCleanUp)
    uxSchedulerSuspended                     0x2000259c   Data           4  tasks.o(.bss.uxSchedulerSuspended)
    [Anonymous Symbol]                       0x2000259c   Section        0  tasks.o(.bss.uxSchedulerSuspended)
    uxTaskNumber                             0x200025a0   Data           4  tasks.o(.bss.uxTaskNumber)
    [Anonymous Symbol]                       0x200025a0   Section        0  tasks.o(.bss.uxTaskNumber)
    uxTopReadyPriority                       0x200025a4   Data           4  tasks.o(.bss.uxTopReadyPriority)
    [Anonymous Symbol]                       0x200025a4   Section        0  tasks.o(.bss.uxTopReadyPriority)
    vApplicationGetIdleTaskMemory.uxIdleTaskStack 0x200025a8   Data         512  tasks.o(.bss.vApplicationGetIdleTaskMemory.uxIdleTaskStack)
    [Anonymous Symbol]                       0x200025a8   Section        0  tasks.o(.bss.vApplicationGetIdleTaskMemory.uxIdleTaskStack)
    vApplicationGetIdleTaskMemory.xIdleTaskTCB 0x200027a8   Data          92  tasks.o(.bss.vApplicationGetIdleTaskMemory.xIdleTaskTCB)
    [Anonymous Symbol]                       0x200027a8   Section        0  tasks.o(.bss.vApplicationGetIdleTaskMemory.xIdleTaskTCB)
    vApplicationGetTimerTaskMemory.uxTimerTaskStack 0x20002804   Data         320  tasks.o(.bss.vApplicationGetTimerTaskMemory.uxTimerTaskStack)
    [Anonymous Symbol]                       0x20002804   Section        0  tasks.o(.bss.vApplicationGetTimerTaskMemory.uxTimerTaskStack)
    vApplicationGetTimerTaskMemory.xTimerTaskTCB 0x20002944   Data          92  tasks.o(.bss.vApplicationGetTimerTaskMemory.xTimerTaskTCB)
    [Anonymous Symbol]                       0x20002944   Section        0  tasks.o(.bss.vApplicationGetTimerTaskMemory.xTimerTaskTCB)
    xActiveTimerList1                        0x200029a4   Data          20  timers.o(.bss.xActiveTimerList1)
    [Anonymous Symbol]                       0x200029a4   Section        0  timers.o(.bss.xActiveTimerList1)
    xActiveTimerList2                        0x200029b8   Data          20  timers.o(.bss.xActiveTimerList2)
    [Anonymous Symbol]                       0x200029b8   Section        0  timers.o(.bss.xActiveTimerList2)
    xDelayedTaskList1                        0x200029cc   Data          20  tasks.o(.bss.xDelayedTaskList1)
    [Anonymous Symbol]                       0x200029cc   Section        0  tasks.o(.bss.xDelayedTaskList1)
    xDelayedTaskList2                        0x200029e0   Data          20  tasks.o(.bss.xDelayedTaskList2)
    [Anonymous Symbol]                       0x200029e0   Section        0  tasks.o(.bss.xDelayedTaskList2)
    xFreeBytesRemaining                      0x200029f4   Data           4  heap_4.o(.bss.xFreeBytesRemaining)
    [Anonymous Symbol]                       0x200029f4   Section        0  heap_4.o(.bss.xFreeBytesRemaining)
    xIdleTaskHandles                         0x200029f8   Data           4  tasks.o(.bss.xIdleTaskHandles)
    [Anonymous Symbol]                       0x200029f8   Section        0  tasks.o(.bss.xIdleTaskHandles)
    xMinimumEverFreeBytesRemaining           0x200029fc   Data           4  heap_4.o(.bss.xMinimumEverFreeBytesRemaining)
    [Anonymous Symbol]                       0x200029fc   Section        0  heap_4.o(.bss.xMinimumEverFreeBytesRemaining)
    xNextTaskUnblockTime                     0x20002a00   Data           4  tasks.o(.bss.xNextTaskUnblockTime)
    [Anonymous Symbol]                       0x20002a00   Section        0  tasks.o(.bss.xNextTaskUnblockTime)
    xNumOfOverflows                          0x20002a04   Data           4  tasks.o(.bss.xNumOfOverflows)
    [Anonymous Symbol]                       0x20002a04   Section        0  tasks.o(.bss.xNumOfOverflows)
    xNumberOfSuccessfulAllocations           0x20002a08   Data           4  heap_4.o(.bss.xNumberOfSuccessfulAllocations)
    [Anonymous Symbol]                       0x20002a08   Section        0  heap_4.o(.bss.xNumberOfSuccessfulAllocations)
    xNumberOfSuccessfulFrees                 0x20002a0c   Data           4  heap_4.o(.bss.xNumberOfSuccessfulFrees)
    [Anonymous Symbol]                       0x20002a0c   Section        0  heap_4.o(.bss.xNumberOfSuccessfulFrees)
    xPendedTicks                             0x20002a10   Data           4  tasks.o(.bss.xPendedTicks)
    [Anonymous Symbol]                       0x20002a10   Section        0  tasks.o(.bss.xPendedTicks)
    xPendingReadyList                        0x20002a14   Data          20  tasks.o(.bss.xPendingReadyList)
    [Anonymous Symbol]                       0x20002a14   Section        0  tasks.o(.bss.xPendingReadyList)
    xSchedulerRunning                        0x20002a28   Data           4  tasks.o(.bss.xSchedulerRunning)
    [Anonymous Symbol]                       0x20002a28   Section        0  tasks.o(.bss.xSchedulerRunning)
    xStart                                   0x20002a2c   Data           8  heap_4.o(.bss.xStart)
    [Anonymous Symbol]                       0x20002a2c   Section        0  heap_4.o(.bss.xStart)
    xSuspendedTaskList                       0x20002a34   Data          20  tasks.o(.bss.xSuspendedTaskList)
    [Anonymous Symbol]                       0x20002a34   Section        0  tasks.o(.bss.xSuspendedTaskList)
    xTasksWaitingTermination                 0x20002a48   Data          20  tasks.o(.bss.xTasksWaitingTermination)
    [Anonymous Symbol]                       0x20002a48   Section        0  tasks.o(.bss.xTasksWaitingTermination)
    xTickCount                               0x20002a5c   Data           4  tasks.o(.bss.xTickCount)
    [Anonymous Symbol]                       0x20002a5c   Section        0  tasks.o(.bss.xTickCount)
    xTimerQueue                              0x20002a60   Data           4  timers.o(.bss.xTimerQueue)
    [Anonymous Symbol]                       0x20002a60   Section        0  timers.o(.bss.xTimerQueue)
    xTimerTaskHandle                         0x20002a64   Data           4  timers.o(.bss.xTimerTaskHandle)
    [Anonymous Symbol]                       0x20002a64   Section        0  timers.o(.bss.xTimerTaskHandle)
    xYieldPendings                           0x20002a68   Data           4  tasks.o(.bss.xYieldPendings)
    [Anonymous Symbol]                       0x20002a68   Section        0  tasks.o(.bss.xYieldPendings)
    Heap_Mem                                 0x20002a70   Data         512  startup_stm32f10x_md.o(HEAP)
    HEAP                                     0x20002a70   Section      512  startup_stm32f10x_md.o(HEAP)
    Stack_Mem                                0x20002c70   Data        1024  startup_stm32f10x_md.o(STACK)
    STACK                                    0x20002c70   Section     1024  startup_stm32f10x_md.o(STACK)
    __initial_sp                             0x20003070   Data           0  startup_stm32f10x_md.o(STACK)

    Global Symbols

    Symbol Name                              Value     Ov Type        Size  Object(Section)

    BuildAttributes$$THM_ISAv4$P$D$K$B$S$PE$A:L22UL41UL21$X:L11$S22US41US21$IEEE1$IW$~IW$USESV6$~STKCKD$USESV7$~SHL$OTIME$ROPI$IEEEJ$EBA8$UX$STANDARDLIB$REQ8$PRES8$EABIv2 0x00000000   Number         0  anon$$obj.o ABSOLUTE
    __fp_init_empty                          0x00000000   Number         0  fpinit_empty.o ABSOLUTE
    _printf_flags                            0x00000000   Number         0  printf_stubs.o ABSOLUTE
    _printf_return_value                     0x00000000   Number         0  printf_stubs.o ABSOLUTE
    _printf_sizespec                         0x00000000   Number         0  printf_stubs.o ABSOLUTE
    _printf_widthprec                        0x00000000   Number         0  printf_stubs.o ABSOLUTE
    __ARM_exceptions_init                     - Undefined Weak Reference
    __alloca_initialize                       - Undefined Weak Reference
    __arm_preinit_                            - Undefined Weak Reference
    __arm_relocate_pie_                       - Undefined Weak Reference
    __cpp_initialize__aeabi_                  - Undefined Weak Reference
    __cxa_finalize                            - Undefined Weak Reference
    __sigvec_lookup                           - Undefined Weak Reference
    _atexit_init                              - Undefined Weak Reference
    _call_atexit_fns                          - Undefined Weak Reference
    _clock_init                               - Undefined Weak Reference
    _fp_trap_init                             - Undefined Weak Reference
    _fp_trap_shutdown                         - Undefined Weak Reference
    _get_lc_collate                           - Undefined Weak Reference
    _get_lc_monetary                          - Undefined Weak Reference
    _get_lc_time                              - Undefined Weak Reference
    _getenv_init                              - Undefined Weak Reference
    _handle_redirection                       - Undefined Weak Reference
    _init_alloc                               - Undefined Weak Reference
    _init_user_alloc                          - Undefined Weak Reference
    _initio                                   - Undefined Weak Reference
    _printf_mbtowc                            - Undefined Weak Reference
    _printf_wc                                - Undefined Weak Reference
    _rand_init                                - Undefined Weak Reference
    _signal_finish                            - Undefined Weak Reference
    _signal_init                              - Undefined Weak Reference
    _terminate_alloc                          - Undefined Weak Reference
    _terminate_user_alloc                     - Undefined Weak Reference
    _terminateio                              - Undefined Weak Reference
    __Vectors_Size                           0x000000ec   Number         0  startup_stm32f10x_md.o ABSOLUTE
    __Vectors                                0x08000000   Data           4  startup_stm32f10x_md.o(RESET)
    __Vectors_End                            0x080000ec   Data           0  startup_stm32f10x_md.o(RESET)
    __main                                   0x080000ed   Thumb Code     8  __main.o(!!!main)
    __scatterload                            0x080000f5   Thumb Code     0  __scatter.o(!!!scatter)
    __scatterload_rt2                        0x080000f5   Thumb Code    84  __scatter.o(!!!scatter)
    __scatterload_rt2_thumb_only             0x080000f5   Thumb Code     0  __scatter.o(!!!scatter)
    __scatterload_loop                       0x080000ff   Thumb Code     0  __scatter.o(!!!scatter)
    __scatterload_copy                       0x08000151   Thumb Code    26  __scatter_copy.o(!!handler_copy)
    __scatterload_null                       0x0800016d   Thumb Code     2  __scatter.o(!!handler_null)
    __scatterload_zeroinit                   0x08000171   Thumb Code    28  __scatter_zi.o(!!handler_zi)
    _printf_n                                0x0800018d   Thumb Code     0  _printf_n.o(.ARM.Collect$$_printf_percent$$00000001)
    _printf_percent                          0x0800018d   Thumb Code     0  _printf_percent.o(.ARM.Collect$$_printf_percent$$00000000)
    _printf_p                                0x08000193   Thumb Code     0  _printf_p.o(.ARM.Collect$$_printf_percent$$00000002)
    _printf_f                                0x08000199   Thumb Code     0  _printf_f.o(.ARM.Collect$$_printf_percent$$00000003)
    _printf_e                                0x0800019f   Thumb Code     0  _printf_e.o(.ARM.Collect$$_printf_percent$$00000004)
    _printf_g                                0x080001a5   Thumb Code     0  _printf_g.o(.ARM.Collect$$_printf_percent$$00000005)
    _printf_a                                0x080001ab   Thumb Code     0  _printf_a.o(.ARM.Collect$$_printf_percent$$00000006)
    _printf_ll                               0x080001b1   Thumb Code     0  _printf_ll.o(.ARM.Collect$$_printf_percent$$00000007)
    _printf_i                                0x080001bb   Thumb Code     0  _printf_i.o(.ARM.Collect$$_printf_percent$$00000008)
    _printf_d                                0x080001c1   Thumb Code     0  _printf_d.o(.ARM.Collect$$_printf_percent$$00000009)
    _printf_u                                0x080001c7   Thumb Code     0  _printf_u.o(.ARM.Collect$$_printf_percent$$0000000A)
    _printf_o                                0x080001cd   Thumb Code     0  _printf_o.o(.ARM.Collect$$_printf_percent$$0000000B)
    _printf_x                                0x080001d3   Thumb Code     0  _printf_x.o(.ARM.Collect$$_printf_percent$$0000000C)
    _printf_lli                              0x080001d9   Thumb Code     0  _printf_lli.o(.ARM.Collect$$_printf_percent$$0000000D)
    _printf_lld                              0x080001df   Thumb Code     0  _printf_lld.o(.ARM.Collect$$_printf_percent$$0000000E)
    _printf_llu                              0x080001e5   Thumb Code     0  _printf_llu.o(.ARM.Collect$$_printf_percent$$0000000F)
    _printf_llo                              0x080001eb   Thumb Code     0  _printf_llo.o(.ARM.Collect$$_printf_percent$$00000010)
    _printf_llx                              0x080001f1   Thumb Code     0  _printf_llx.o(.ARM.Collect$$_printf_percent$$00000011)
    _printf_l                                0x080001f7   Thumb Code     0  _printf_l.o(.ARM.Collect$$_printf_percent$$00000012)
    _printf_c                                0x08000201   Thumb Code     0  _printf_c.o(.ARM.Collect$$_printf_percent$$00000013)
    _printf_s                                0x08000207   Thumb Code     0  _printf_s.o(.ARM.Collect$$_printf_percent$$00000014)
    _printf_lc                               0x0800020d   Thumb Code     0  _printf_lc.o(.ARM.Collect$$_printf_percent$$00000015)
    _printf_ls                               0x08000213   Thumb Code     0  _printf_ls.o(.ARM.Collect$$_printf_percent$$00000016)
    _printf_percent_end                      0x08000219   Thumb Code     0  _printf_percent_end.o(.ARM.Collect$$_printf_percent$$00000017)
    __rt_lib_init                            0x0800021d   Thumb Code     0  libinit.o(.ARM.Collect$$libinit$$00000000)
    __rt_lib_init_fp_1                       0x0800021f   Thumb Code     0  libinit2.o(.ARM.Collect$$libinit$$00000002)
    __rt_lib_init_heap_1                     0x0800021f   Thumb Code     0  libinit2.o(.ARM.Collect$$libinit$$0000000C)
    __rt_lib_init_lc_common                  0x0800021f   Thumb Code     0  libinit2.o(.ARM.Collect$$libinit$$00000011)
    __rt_lib_init_preinit_1                  0x0800021f   Thumb Code     0  libinit2.o(.ARM.Collect$$libinit$$00000006)
    __rt_lib_init_rand_1                     0x0800021f   Thumb Code     0  libinit2.o(.ARM.Collect$$libinit$$00000010)
    __rt_lib_init_relocate_pie_1             0x0800021f   Thumb Code     0  libinit2.o(.ARM.Collect$$libinit$$00000004)
    __rt_lib_init_user_alloc_1               0x0800021f   Thumb Code     0  libinit2.o(.ARM.Collect$$libinit$$0000000E)
    __rt_lib_init_lc_collate_1               0x08000225   Thumb Code     0  libinit2.o(.ARM.Collect$$libinit$$00000013)
    __rt_lib_init_lc_ctype_2                 0x08000225   Thumb Code     0  libinit2.o(.ARM.Collect$$libinit$$00000014)
    __rt_lib_init_lc_ctype_1                 0x08000231   Thumb Code     0  libinit2.o(.ARM.Collect$$libinit$$00000015)
    __rt_lib_init_lc_monetary_1              0x08000231   Thumb Code     0  libinit2.o(.ARM.Collect$$libinit$$00000017)
    __rt_lib_init_lc_numeric_2               0x08000231   Thumb Code     0  libinit2.o(.ARM.Collect$$libinit$$00000018)
    __rt_lib_init_alloca_1                   0x0800023b   Thumb Code     0  libinit2.o(.ARM.Collect$$libinit$$00000030)
    __rt_lib_init_argv_1                     0x0800023b   Thumb Code     0  libinit2.o(.ARM.Collect$$libinit$$0000002E)
    __rt_lib_init_atexit_1                   0x0800023b   Thumb Code     0  libinit2.o(.ARM.Collect$$libinit$$0000001D)
    __rt_lib_init_clock_1                    0x0800023b   Thumb Code     0  libinit2.o(.ARM.Collect$$libinit$$00000023)
    __rt_lib_init_cpp_1                      0x0800023b   Thumb Code     0  libinit2.o(.ARM.Collect$$libinit$$00000034)
    __rt_lib_init_exceptions_1               0x0800023b   Thumb Code     0  libinit2.o(.ARM.Collect$$libinit$$00000032)
    __rt_lib_init_fp_trap_1                  0x0800023b   Thumb Code     0  libinit2.o(.ARM.Collect$$libinit$$00000021)
    __rt_lib_init_getenv_1                   0x0800023b   Thumb Code     0  libinit2.o(.ARM.Collect$$libinit$$00000025)
    __rt_lib_init_lc_numeric_1               0x0800023b   Thumb Code     0  libinit2.o(.ARM.Collect$$libinit$$00000019)
    __rt_lib_init_lc_time_1                  0x0800023b   Thumb Code     0  libinit2.o(.ARM.Collect$$libinit$$0000001B)
    __rt_lib_init_return                     0x0800023b   Thumb Code     0  libinit2.o(.ARM.Collect$$libinit$$00000035)
    __rt_lib_init_signal_1                   0x0800023b   Thumb Code     0  libinit2.o(.ARM.Collect$$libinit$$0000001F)
    __rt_lib_init_stdio_1                    0x0800023b   Thumb Code     0  libinit2.o(.ARM.Collect$$libinit$$00000027)
    __rt_lib_shutdown                        0x0800023d   Thumb Code     0  libshutdown.o(.ARM.Collect$$libshutdown$$00000000)
    __rt_lib_shutdown_cpp_1                  0x0800023f   Thumb Code     0  libshutdown2.o(.ARM.Collect$$libshutdown$$00000002)
    __rt_lib_shutdown_fp_trap_1              0x0800023f   Thumb Code     0  libshutdown2.o(.ARM.Collect$$libshutdown$$00000007)
    __rt_lib_shutdown_heap_1                 0x0800023f   Thumb Code     0  libshutdown2.o(.ARM.Collect$$libshutdown$$0000000F)
    __rt_lib_shutdown_return                 0x0800023f   Thumb Code     0  libshutdown2.o(.ARM.Collect$$libshutdown$$00000010)
    __rt_lib_shutdown_signal_1               0x0800023f   Thumb Code     0  libshutdown2.o(.ARM.Collect$$libshutdown$$0000000A)
    __rt_lib_shutdown_stdio_1                0x0800023f   Thumb Code     0  libshutdown2.o(.ARM.Collect$$libshutdown$$00000004)
    __rt_lib_shutdown_user_alloc_1           0x0800023f   Thumb Code     0  libshutdown2.o(.ARM.Collect$$libshutdown$$0000000C)
    __rt_entry                               0x08000241   Thumb Code     0  __rtentry.o(.ARM.Collect$$rtentry$$00000000)
    __rt_entry_presh_1                       0x08000241   Thumb Code     0  __rtentry2.o(.ARM.Collect$$rtentry$$00000002)
    __rt_entry_sh                            0x08000241   Thumb Code     0  __rtentry4.o(.ARM.Collect$$rtentry$$00000004)
    __rt_entry_postsh_1                      0x08000247   Thumb Code     0  __rtentry2.o(.ARM.Collect$$rtentry$$00000008)
    __rt_entry_li                            0x0800024f   Thumb Code     0  __rtentry2.o(.ARM.Collect$$rtentry$$0000000A)
    __rt_entry_main                          0x08000253   Thumb Code     0  __rtentry2.o(.ARM.Collect$$rtentry$$0000000D)
    __rt_entry_postli_1                      0x08000253   Thumb Code     0  __rtentry2.o(.ARM.Collect$$rtentry$$0000000C)
    __rt_exit                                0x0800025b   Thumb Code     0  rtexit.o(.ARM.Collect$$rtexit$$00000000)
    __rt_exit_ls                             0x0800025d   Thumb Code     0  rtexit2.o(.ARM.Collect$$rtexit$$00000003)
    __rt_exit_prels_1                        0x0800025d   Thumb Code     0  rtexit2.o(.ARM.Collect$$rtexit$$00000002)
    __rt_exit_exit                           0x08000261   Thumb Code     0  rtexit2.o(.ARM.Collect$$rtexit$$00000004)
    Reset_Handler                            0x08000269   Thumb Code     8  startup_stm32f10x_md.o(.text)
    NMI_Handler                              0x08000271   Thumb Code     2  startup_stm32f10x_md.o(.text)
    HardFault_Handler                        0x08000273   Thumb Code     2  startup_stm32f10x_md.o(.text)
    MemManage_Handler                        0x08000275   Thumb Code     2  startup_stm32f10x_md.o(.text)
    BusFault_Handler                         0x08000277   Thumb Code     2  startup_stm32f10x_md.o(.text)
    UsageFault_Handler                       0x08000279   Thumb Code     2  startup_stm32f10x_md.o(.text)
    DebugMon_Handler                         0x0800027d   Thumb Code     2  startup_stm32f10x_md.o(.text)
    ADC1_2_IRQHandler                        0x08000283   Thumb Code     0  startup_stm32f10x_md.o(.text)
    CAN1_RX1_IRQHandler                      0x08000283   Thumb Code     0  startup_stm32f10x_md.o(.text)
    CAN1_SCE_IRQHandler                      0x08000283   Thumb Code     0  startup_stm32f10x_md.o(.text)
    DMA1_Channel1_IRQHandler                 0x08000283   Thumb Code     0  startup_stm32f10x_md.o(.text)
    DMA1_Channel2_IRQHandler                 0x08000283   Thumb Code     0  startup_stm32f10x_md.o(.text)
    DMA1_Channel3_IRQHandler                 0x08000283   Thumb Code     0  startup_stm32f10x_md.o(.text)
    DMA1_Channel4_IRQHandler                 0x08000283   Thumb Code     0  startup_stm32f10x_md.o(.text)
    DMA1_Channel5_IRQHandler                 0x08000283   Thumb Code     0  startup_stm32f10x_md.o(.text)
    DMA1_Channel6_IRQHandler                 0x08000283   Thumb Code     0  startup_stm32f10x_md.o(.text)
    DMA1_Channel7_IRQHandler                 0x08000283   Thumb Code     0  startup_stm32f10x_md.o(.text)
    EXTI0_IRQHandler                         0x08000283   Thumb Code     0  startup_stm32f10x_md.o(.text)
    EXTI15_10_IRQHandler                     0x08000283   Thumb Code     0  startup_stm32f10x_md.o(.text)
    EXTI1_IRQHandler                         0x08000283   Thumb Code     0  startup_stm32f10x_md.o(.text)
    EXTI2_IRQHandler                         0x08000283   Thumb Code     0  startup_stm32f10x_md.o(.text)
    EXTI3_IRQHandler                         0x08000283   Thumb Code     0  startup_stm32f10x_md.o(.text)
    EXTI4_IRQHandler                         0x08000283   Thumb Code     0  startup_stm32f10x_md.o(.text)
    EXTI9_5_IRQHandler                       0x08000283   Thumb Code     0  startup_stm32f10x_md.o(.text)
    FLASH_IRQHandler                         0x08000283   Thumb Code     0  startup_stm32f10x_md.o(.text)
    I2C1_ER_IRQHandler                       0x08000283   Thumb Code     0  startup_stm32f10x_md.o(.text)
    I2C1_EV_IRQHandler                       0x08000283   Thumb Code     0  startup_stm32f10x_md.o(.text)
    I2C2_ER_IRQHandler                       0x08000283   Thumb Code     0  startup_stm32f10x_md.o(.text)
    I2C2_EV_IRQHandler                       0x08000283   Thumb Code     0  startup_stm32f10x_md.o(.text)
    PVD_IRQHandler                           0x08000283   Thumb Code     0  startup_stm32f10x_md.o(.text)
    RCC_IRQHandler                           0x08000283   Thumb Code     0  startup_stm32f10x_md.o(.text)
    RTCAlarm_IRQHandler                      0x08000283   Thumb Code     0  startup_stm32f10x_md.o(.text)
    RTC_IRQHandler                           0x08000283   Thumb Code     0  startup_stm32f10x_md.o(.text)
    SPI1_IRQHandler                          0x08000283   Thumb Code     0  startup_stm32f10x_md.o(.text)
    SPI2_IRQHandler                          0x08000283   Thumb Code     0  startup_stm32f10x_md.o(.text)
    TAMPER_IRQHandler                        0x08000283   Thumb Code     0  startup_stm32f10x_md.o(.text)
    TIM1_BRK_IRQHandler                      0x08000283   Thumb Code     0  startup_stm32f10x_md.o(.text)
    TIM1_CC_IRQHandler                       0x08000283   Thumb Code     0  startup_stm32f10x_md.o(.text)
    TIM1_TRG_COM_IRQHandler                  0x08000283   Thumb Code     0  startup_stm32f10x_md.o(.text)
    TIM1_UP_IRQHandler                       0x08000283   Thumb Code     0  startup_stm32f10x_md.o(.text)
    TIM2_IRQHandler                          0x08000283   Thumb Code     0  startup_stm32f10x_md.o(.text)
    TIM3_IRQHandler                          0x08000283   Thumb Code     0  startup_stm32f10x_md.o(.text)
    TIM4_IRQHandler                          0x08000283   Thumb Code     0  startup_stm32f10x_md.o(.text)
    USART1_IRQHandler                        0x08000283   Thumb Code     0  startup_stm32f10x_md.o(.text)
    USART2_IRQHandler                        0x08000283   Thumb Code     0  startup_stm32f10x_md.o(.text)
    USART3_IRQHandler                        0x08000283   Thumb Code     0  startup_stm32f10x_md.o(.text)
    USBWakeUp_IRQHandler                     0x08000283   Thumb Code     0  startup_stm32f10x_md.o(.text)
    USB_HP_CAN1_TX_IRQHandler                0x08000283   Thumb Code     0  startup_stm32f10x_md.o(.text)
    USB_LP_CAN1_RX0_IRQHandler               0x08000283   Thumb Code     0  startup_stm32f10x_md.o(.text)
    WWDG_IRQHandler                          0x08000283   Thumb Code     0  startup_stm32f10x_md.o(.text)
    __user_initial_stackheap                 0x08000285   Thumb Code     0  startup_stm32f10x_md.o(.text)
    sprintf                                  0x080002a9   Thumb Code    38  sprintf.o(.text)
    __aeabi_memcpy                           0x080002d5   Thumb Code     0  rt_memcpy_v6.o(.text)
    __rt_memcpy                              0x080002d5   Thumb Code   138  rt_memcpy_v6.o(.text)
    _memcpy_lastbytes                        0x0800033b   Thumb Code     0  rt_memcpy_v6.o(.text)
    __aeabi_memset4                          0x0800035f   Thumb Code    16  aeabi_memset4.o(.text)
    __aeabi_memset8                          0x0800035f   Thumb Code     0  aeabi_memset4.o(.text)
    __aeabi_memclr                           0x0800036f   Thumb Code     0  rt_memclr.o(.text)
    __rt_memclr                              0x0800036f   Thumb Code     0  rt_memclr.o(.text)
    _memset                                  0x08000373   Thumb Code    64  rt_memclr.o(.text)
    __use_two_region_memory                  0x080003b3   Thumb Code     2  heapauxi.o(.text)
    __rt_heap_escrow$2region                 0x080003b5   Thumb Code     2  heapauxi.o(.text)
    __rt_heap_expand$2region                 0x080003b7   Thumb Code     2  heapauxi.o(.text)
    _printf_pre_padding                      0x080003b9   Thumb Code    44  _printf_pad.o(.text)
    _printf_post_padding                     0x080003e5   Thumb Code    34  _printf_pad.o(.text)
    _printf_truncate_signed                  0x08000407   Thumb Code    18  _printf_truncate.o(.text)
    _printf_truncate_unsigned                0x08000419   Thumb Code    18  _printf_truncate.o(.text)
    _printf_str                              0x0800042b   Thumb Code    82  _printf_str.o(.text)
    _printf_int_dec                          0x0800047d   Thumb Code   104  _printf_dec.o(.text)
    _printf_charcount                        0x080004f5   Thumb Code    40  _printf_charcount.o(.text)
    _printf_char_common                      0x08000527   Thumb Code    32  _printf_char_common.o(.text)
    _sputc                                   0x0800054d   Thumb Code    10  _sputc.o(.text)
    _printf_wctomb                           0x08000559   Thumb Code   182  _printf_wctomb.o(.text)
    _printf_longlong_dec                     0x08000615   Thumb Code   108  _printf_longlong_dec.o(.text)
    _printf_longlong_oct                     0x08000691   Thumb Code    68  _printf_oct_int_ll.o(.text)
    _printf_int_oct                          0x080006d5   Thumb Code    24  _printf_oct_int_ll.o(.text)
    _printf_ll_oct                           0x080006ed   Thumb Code    12  _printf_oct_int_ll.o(.text)
    _printf_longlong_hex                     0x08000701   Thumb Code    86  _printf_hex_int_ll_ptr.o(.text)
    _printf_int_hex                          0x08000757   Thumb Code    28  _printf_hex_int_ll_ptr.o(.text)
    _printf_ll_hex                           0x08000773   Thumb Code    12  _printf_hex_int_ll_ptr.o(.text)
    _printf_hex_ptr                          0x0800077f   Thumb Code    18  _printf_hex_int_ll_ptr.o(.text)
    __printf                                 0x08000795   Thumb Code   388  __printf_flags_ss_wp.o(.text)
    __aeabi_memcpy4                          0x0800091d   Thumb Code     0  rt_memcpy_w.o(.text)
    __aeabi_memcpy8                          0x0800091d   Thumb Code     0  rt_memcpy_w.o(.text)
    __rt_memcpy_w                            0x0800091d   Thumb Code   100  rt_memcpy_w.o(.text)
    _memcpy_lastbytes_aligned                0x08000965   Thumb Code     0  rt_memcpy_w.o(.text)
    __aeabi_memclr4                          0x08000981   Thumb Code     0  rt_memclr_w.o(.text)
    __aeabi_memclr8                          0x08000981   Thumb Code     0  rt_memclr_w.o(.text)
    __rt_memclr_w                            0x08000981   Thumb Code     0  rt_memclr_w.o(.text)
    _memset_w                                0x08000985   Thumb Code    74  rt_memclr_w.o(.text)
    _ll_udiv10                               0x080009cf   Thumb Code   138  lludiv10.o(.text)
    _printf_int_common                       0x08000a59   Thumb Code   178  _printf_intcommon.o(.text)
    _printf_fp_dec_real                      0x08000cbb   Thumb Code   620  _printf_fp_dec.o(.text)
    _printf_fp_hex_real                      0x08000f29   Thumb Code   756  _printf_fp_hex.o(.text)
    _printf_cs_common                        0x08001225   Thumb Code    20  _printf_char.o(.text)
    _printf_char                             0x08001239   Thumb Code    16  _printf_char.o(.text)
    _printf_string                           0x08001249   Thumb Code     8  _printf_char.o(.text)
    _printf_lcs_common                       0x08001251   Thumb Code    20  _printf_wchar.o(.text)
    _printf_wchar                            0x08001265   Thumb Code    16  _printf_wchar.o(.text)
    _printf_wstring                          0x08001275   Thumb Code     8  _printf_wchar.o(.text)
    _c16rtomb                                0x0800127d   Thumb Code    72  _c16rtomb.o(.text)
    _wcrtomb                                 0x0800127d   Thumb Code     0  _c16rtomb.o(.text)
    __user_setup_stackheap                   0x080012c5   Thumb Code    74  sys_stackheap_outer.o(.text)
    __rt_ctype_table                         0x08001311   Thumb Code    16  rt_ctype_table.o(.text)
    __rt_locale                              0x08001321   Thumb Code     8  rt_locale_intlibspace.o(.text)
    _printf_fp_infnan                        0x08001329   Thumb Code   112  _printf_fp_infnan.o(.text)
    _btod_etento                             0x080013a9   Thumb Code   224  bigflt0.o(.text)
    exit                                     0x0800148d   Thumb Code    18  exit.o(.text)
    __user_libspace                          0x080014a1   Thumb Code     8  libspace.o(.text)
    __user_perproc_libspace                  0x080014a1   Thumb Code     0  libspace.o(.text)
    __user_perthread_libspace                0x080014a1   Thumb Code     0  libspace.o(.text)
    strcmp                                   0x080014a9   Thumb Code   128  strcmpv7m.o(.text)
    _sys_exit                                0x08001529   Thumb Code     8  sys_exit.o(.text)
    __I$use$semihosting                      0x08001535   Thumb Code     0  use_no_semi.o(.text)
    __use_no_semihosting_swi                 0x08001535   Thumb Code     2  use_no_semi.o(.text)
    __semihosting_library_function           0x08001537   Thumb Code     0  indicate_semi.o(.text)
    ADC2_Read                                0x08001539   Thumb Code    58  main.o(.text.ADC2_Read)
    ADC_Config                               0x08001575   Thumb Code    88  main.o(.text.ADC_Config)
    PWM_Init                                 0x0800161d   Thumb Code   144  main.o(.text.PWM_Init)
    PendSV_Handler                           0x080016b1   Thumb Code    68  port.o(.text.PendSV_Handler)
    SVC_Handler                              0x08001701   Thumb Code    36  port.o(.text.SVC_Handler)
    SysTick_Handler                          0x08001851   Thumb Code    30  cmsis_os2.o(.text.SysTick_Handler)
    SystemInit                               0x08001871   Thumb Code   102  system_stm32f10x.o(.text.SystemInit)
    UART_Config                              0x080018d9   Thumb Code    64  main.o(.text.UART_Config)
    UART_SendChar                            0x08001919   Thumb Code    46  main.o(.text.UART_SendChar)
    UART_SendString                          0x08001949   Thumb Code    34  main.o(.text.UART_SendString)
    _mutex_acquire                           0x0800196d   Thumb Code    40  retarget_os_rtos2.o(.text._mutex_acquire)
    _mutex_free                              0x08001995   Thumb Code    18  retarget_os_rtos2.o(.text._mutex_free)
    _mutex_initialize                        0x080019a9   Thumb Code    50  retarget_os_rtos2.o(.text._mutex_initialize)
    _mutex_release                           0x080019dd   Thumb Code    36  retarget_os_rtos2.o(.text._mutex_release)
    _platform_post_stackheap_init            0x08001a01   Thumb Code     2  clib_os.o(.text._platform_post_stackheap_init)
    main                                     0x08001a25   Thumb Code   122  main.o(.text.main)
    osKernelGetState                         0x08001aa1   Thumb Code    82  cmsis_os2.o(.text.osKernelGetState)
    osMutexAcquire                           0x08001af5   Thumb Code   154  cmsis_os2.o(.text.osMutexAcquire)
    osMutexDelete                            0x08001b91   Thumb Code    64  cmsis_os2.o(.text.osMutexDelete)
    osMutexNew                               0x08001bd1   Thumb Code   254  cmsis_os2.o(.text.osMutexNew)
    osMutexRelease                           0x08001cd1   Thumb Code   122  cmsis_os2.o(.text.osMutexRelease)
    pvPortMalloc                             0x08002d55   Thumb Code   438  heap_4.o(.text.pvPortMalloc)
    pvTaskIncrementMutexHeldCount            0x08002f0d   Thumb Code    36  tasks.o(.text.pvTaskIncrementMutexHeldCount)
    pxPortInitialiseStack                    0x08002f31   Thumb Code    80  port.o(.text.pxPortInitialiseStack)
    task_ADC2                                0x08002f81   Thumb Code    76  main.o(.text.task_ADC2)
    task_PWM                                 0x08002fcd   Thumb Code    68  main.o(.text.task_PWM)
    task_UART                                0x08003011   Thumb Code    92  main.o(.text.task_UART)
    uxListRemove                             0x0800306d   Thumb Code    72  list.o(.text.uxListRemove)
    vApplicationGetIdleTaskMemory            0x080030b5   Thumb Code    42  tasks.o(.text.vApplicationGetIdleTaskMemory)
    vApplicationGetTimerTaskMemory           0x080030e1   Thumb Code    42  tasks.o(.text.vApplicationGetTimerTaskMemory)
    vApplicationStackOverflowHook            0x0800310d   Thumb Code    10  cmsis_os2.o(.text.vApplicationStackOverflowHook)
    vListInitialise                          0x08003119   Thumb Code    46  list.o(.text.vListInitialise)
    vListInitialiseItem                      0x08003149   Thumb Code    14  list.o(.text.vListInitialiseItem)
    vListInsert                              0x08003159   Thumb Code   106  list.o(.text.vListInsert)
    vPortEnterCritical                       0x080031c5   Thumb Code    48  port.o(.text.vPortEnterCritical)
    vPortExitCritical                        0x080031f5   Thumb Code    38  port.o(.text.vPortExitCritical)
    vPortFree                                0x0800321d   Thumb Code   118  heap_4.o(.text.vPortFree)
    vPortSetupTimerInterrupt                 0x08003295   Thumb Code    68  port.o(.text.vPortSetupTimerInterrupt)
    vQueueDelete                             0x080032d9   Thumb Code    34  queue.o(.text.vQueueDelete)
    vQueueWaitForMessageRestricted           0x080032fd   Thumb Code   100  queue.o(.text.vQueueWaitForMessageRestricted)
    vTaskDelay                               0x08003361   Thumb Code    74  tasks.o(.text.vTaskDelay)
    vTaskInternalSetTimeOutState             0x080033ad   Thumb Code    36  tasks.o(.text.vTaskInternalSetTimeOutState)
    vTaskMissedYield                         0x080033d1   Thumb Code    14  tasks.o(.text.vTaskMissedYield)
    vTaskPlaceOnEventList                    0x080033e1   Thumb Code    38  tasks.o(.text.vTaskPlaceOnEventList)
    vTaskPlaceOnEventListRestricted          0x08003409   Thumb Code   100  tasks.o(.text.vTaskPlaceOnEventListRestricted)
    vTaskPriorityDisinheritAfterTimeout      0x0800346d   Thumb Code   312  tasks.o(.text.vTaskPriorityDisinheritAfterTimeout)
    vTaskStartScheduler                      0x080035a5   Thumb Code   114  tasks.o(.text.vTaskStartScheduler)
    vTaskSuspendAll                          0x08003619   Thumb Code    16  tasks.o(.text.vTaskSuspendAll)
    vTaskSwitchContext                       0x08003629   Thumb Code   284  tasks.o(.text.vTaskSwitchContext)
    xPortStartScheduler                      0x08003745   Thumb Code    88  port.o(.text.xPortStartScheduler)
    xPortSysTickHandler                      0x0800379d   Thumb Code    62  port.o(.text.xPortSysTickHandler)
    xQueueCreateMutex                        0x080037dd   Thumb Code    38  queue.o(.text.xQueueCreateMutex)
    xQueueCreateMutexStatic                  0x08003805   Thumb Code    50  queue.o(.text.xQueueCreateMutexStatic)
    xQueueGenericCreate                      0x08003839   Thumb Code   134  queue.o(.text.xQueueGenericCreate)
    xQueueGenericCreateStatic                0x080038c1   Thumb Code   108  queue.o(.text.xQueueGenericCreateStatic)
    xQueueGenericReset                       0x0800392d   Thumb Code   208  queue.o(.text.xQueueGenericReset)
    xQueueGenericSend                        0x080039fd   Thumb Code   362  queue.o(.text.xQueueGenericSend)
    xQueueGiveMutexRecursive                 0x08003b69   Thumb Code    80  queue.o(.text.xQueueGiveMutexRecursive)
    xQueueReceive                            0x08003bb9   Thumb Code   338  queue.o(.text.xQueueReceive)
    xQueueSemaphoreTake                      0x08003d0d   Thumb Code   414  queue.o(.text.xQueueSemaphoreTake)
    xQueueTakeMutexRecursive                 0x08003ead   Thumb Code    82  queue.o(.text.xQueueTakeMutexRecursive)
    xTaskCheckForTimeOut                     0x08003f01   Thumb Code   196  tasks.o(.text.xTaskCheckForTimeOut)
    xTaskCreate                              0x08003fc5   Thumb Code    82  tasks.o(.text.xTaskCreate)
    xTaskCreateStatic                        0x08004019   Thumb Code    92  tasks.o(.text.xTaskCreateStatic)
    xTaskGetCurrentTaskHandle                0x08004075   Thumb Code    20  tasks.o(.text.xTaskGetCurrentTaskHandle)
    xTaskGetSchedulerState                   0x08004089   Thumb Code    56  tasks.o(.text.xTaskGetSchedulerState)
    xTaskGetTickCount                        0x080040c1   Thumb Code    20  tasks.o(.text.xTaskGetTickCount)
    xTaskIncrementTick                       0x080040d5   Thumb Code   606  tasks.o(.text.xTaskIncrementTick)
    xTaskPriorityDisinherit                  0x08004335   Thumb Code   242  tasks.o(.text.xTaskPriorityDisinherit)
    xTaskPriorityInherit                     0x08004429   Thumb Code   348  tasks.o(.text.xTaskPriorityInherit)
    xTaskRemoveFromEventList                 0x08004585   Thumb Code   404  tasks.o(.text.xTaskRemoveFromEventList)
    xTaskResumeAll                           0x08004719   Thumb Code   574  tasks.o(.text.xTaskResumeAll)
    xTimerCreateTimerTask                    0x08004959   Thumb Code   120  timers.o(.text.xTimerCreateTimerTask)
    _btod_d2e                                0x080049d1   Thumb Code    62  btod.o(CL$$btod_d2e)
    _d2e_denorm_low                          0x08004a0f   Thumb Code    70  btod.o(CL$$btod_d2e_denorm_low)
    _d2e_norm_op1                            0x08004a55   Thumb Code    96  btod.o(CL$$btod_d2e_norm_op1)
    __btod_div_common                        0x08004ab5   Thumb Code   696  btod.o(CL$$btod_div_common)
    _e2e                                     0x08004ded   Thumb Code   220  btod.o(CL$$btod_e2e)
    _btod_ediv                               0x08004ec9   Thumb Code    42  btod.o(CL$$btod_ediv)
    _btod_emul                               0x08004ef3   Thumb Code    42  btod.o(CL$$btod_emul)
    __btod_mult_common                       0x08004f1d   Thumb Code   580  btod.o(CL$$btod_mult_common)
    __ARM_fpclassify                         0x08005161   Thumb Code    40  fpclassify.o(i.__ARM_fpclassify)
    _is_digit                                0x08005189   Thumb Code    14  __printf_wp.o(i._is_digit)
    _get_lc_numeric                          0x08005199   Thumb Code    44  lc_numeric_c.o(locale$$code)
    _get_lc_ctype                            0x080051c5   Thumb Code    44  lc_ctype_c.o(locale$$code)
    _printf_fp_dec                           0x080051f1   Thumb Code     4  printf1.o(x$fpl$printf1)
    _printf_fp_hex                           0x080051f5   Thumb Code     4  printf2.o(x$fpl$printf2)
    __I$use$fp                               0x080051f8   Number         0  usenofp.o(x$fpl$usenofp)
    Region$$Table$$Base                      0x08005364   Number         0  anon$$obj.o(Region$$Table)
    Region$$Table$$Limit                     0x08005384   Number         0  anon$$obj.o(Region$$Table)
    __ctype                                  0x080053ad   Data           0  lc_ctype_c.o(locale$$data)
    SystemCoreClock                          0x20000000   Data           4  system_stm32f10x.o(.data.SystemCoreClock)
    __libspace_start                         0x20000008   Data          96  libspace.o(.bss)
    ADCValue1                                0x20000068   Data           4  main.o(.bss.ADCValue1)
    __temporary_stack_top$libspace           0x20000068   Data           0  libspace.o(.bss)
    ADCValue2                                0x2000006c   Data           4  main.o(.bss.ADCValue2)
    f                                        0x20000074   Data           4  main.o(.bss.f)
    pxCurrentTCB                             0x2000011c   Data           4  tasks.o(.bss.pxCurrentTCB)
    w                                        0x200029a0   Data           4  main.o(.bss.w)



==============================================================================

Memory Map of the image

  Image Entry point : 0x080000ed

  Load Region LR_IROM1 (Base: 0x08000000, Size: 0x000054b8, Max: 0x00010000, ABSOLUTE)

    Execution Region ER_IROM1 (Exec base: 0x08000000, Load base: 0x08000000, Size: 0x000054b0, Max: 0x00010000, ABSOLUTE)

    Exec Addr    Load Addr    Size         Type   Attr      Idx    E Section Name        Object

    0x08000000   0x08000000   0x000000ec   Data   RO          261    RESET               startup_stm32f10x_md.o
    0x080000ec   0x080000ec   0x00000008   Code   RO          766  * !!!main             c_w.l(__main.o)
    0x080000f4   0x080000f4   0x0000005c   Code   RO         1105    !!!scatter          c_w.l(__scatter.o)
    0x08000150   0x08000150   0x0000001a   Code   RO         1109    !!handler_copy      c_w.l(__scatter_copy.o)
    0x0800016a   0x0800016a   0x00000002   PAD
    0x0800016c   0x0800016c   0x00000002   Code   RO         1106    !!handler_null      c_w.l(__scatter.o)
    0x0800016e   0x0800016e   0x00000002   PAD
    0x08000170   0x08000170   0x0000001c   Code   RO         1111    !!handler_zi        c_w.l(__scatter_zi.o)
    0x0800018c   0x0800018c   0x00000000   Code   RO          850    .ARM.Collect$$_printf_percent$$00000000  c_w.l(_printf_percent.o)
    0x0800018c   0x0800018c   0x00000006   Code   RO          839    .ARM.Collect$$_printf_percent$$00000001  c_w.l(_printf_n.o)
    0x08000192   0x08000192   0x00000006   Code   RO          841    .ARM.Collect$$_printf_percent$$00000002  c_w.l(_printf_p.o)
    0x08000198   0x08000198   0x00000006   Code   RO          846    .ARM.Collect$$_printf_percent$$00000003  c_w.l(_printf_f.o)
    0x0800019e   0x0800019e   0x00000006   Code   RO          847    .ARM.Collect$$_printf_percent$$00000004  c_w.l(_printf_e.o)
    0x080001a4   0x080001a4   0x00000006   Code   RO          848    .ARM.Collect$$_printf_percent$$00000005  c_w.l(_printf_g.o)
    0x080001aa   0x080001aa   0x00000006   Code   RO          849    .ARM.Collect$$_printf_percent$$00000006  c_w.l(_printf_a.o)
    0x080001b0   0x080001b0   0x0000000a   Code   RO          854    .ARM.Collect$$_printf_percent$$00000007  c_w.l(_printf_ll.o)
    0x080001ba   0x080001ba   0x00000006   Code   RO          843    .ARM.Collect$$_printf_percent$$00000008  c_w.l(_printf_i.o)
    0x080001c0   0x080001c0   0x00000006   Code   RO          844    .ARM.Collect$$_printf_percent$$00000009  c_w.l(_printf_d.o)
    0x080001c6   0x080001c6   0x00000006   Code   RO          845    .ARM.Collect$$_printf_percent$$0000000A  c_w.l(_printf_u.o)
    0x080001cc   0x080001cc   0x00000006   Code   RO          842    .ARM.Collect$$_printf_percent$$0000000B  c_w.l(_printf_o.o)
    0x080001d2   0x080001d2   0x00000006   Code   RO          840    .ARM.Collect$$_printf_percent$$0000000C  c_w.l(_printf_x.o)
    0x080001d8   0x080001d8   0x00000006   Code   RO          851    .ARM.Collect$$_printf_percent$$0000000D  c_w.l(_printf_lli.o)
    0x080001de   0x080001de   0x00000006   Code   RO          852    .ARM.Collect$$_printf_percent$$0000000E  c_w.l(_printf_lld.o)
    0x080001e4   0x080001e4   0x00000006   Code   RO          853    .ARM.Collect$$_printf_percent$$0000000F  c_w.l(_printf_llu.o)
    0x080001ea   0x080001ea   0x00000006   Code   RO          858    .ARM.Collect$$_printf_percent$$00000010  c_w.l(_printf_llo.o)
    0x080001f0   0x080001f0   0x00000006   Code   RO          859    .ARM.Collect$$_printf_percent$$00000011  c_w.l(_printf_llx.o)
    0x080001f6   0x080001f6   0x0000000a   Code   RO          855    .ARM.Collect$$_printf_percent$$00000012  c_w.l(_printf_l.o)
    0x08000200   0x08000200   0x00000006   Code   RO          837    .ARM.Collect$$_printf_percent$$00000013  c_w.l(_printf_c.o)
    0x08000206   0x08000206   0x00000006   Code   RO          838    .ARM.Collect$$_printf_percent$$00000014  c_w.l(_printf_s.o)
    0x0800020c   0x0800020c   0x00000006   Code   RO          856    .ARM.Collect$$_printf_percent$$00000015  c_w.l(_printf_lc.o)
    0x08000212   0x08000212   0x00000006   Code   RO          857    .ARM.Collect$$_printf_percent$$00000016  c_w.l(_printf_ls.o)
    0x08000218   0x08000218   0x00000004   Code   RO          904    .ARM.Collect$$_printf_percent$$00000017  c_w.l(_printf_percent_end.o)
    0x0800021c   0x0800021c   0x00000002   Code   RO          953    .ARM.Collect$$libinit$$00000000  c_w.l(libinit.o)
    0x0800021e   0x0800021e   0x00000000   Code   RO          972    .ARM.Collect$$libinit$$00000002  c_w.l(libinit2.o)
    0x0800021e   0x0800021e   0x00000000   Code   RO          974    .ARM.Collect$$libinit$$00000004  c_w.l(libinit2.o)
    0x0800021e   0x0800021e   0x00000000   Code   RO          976    .ARM.Collect$$libinit$$00000006  c_w.l(libinit2.o)
    0x0800021e   0x0800021e   0x00000000   Code   RO          979    .ARM.Collect$$libinit$$0000000C  c_w.l(libinit2.o)
    0x0800021e   0x0800021e   0x00000000   Code   RO          981    .ARM.Collect$$libinit$$0000000E  c_w.l(libinit2.o)
    0x0800021e   0x0800021e   0x00000000   Code   RO          983    .ARM.Collect$$libinit$$00000010  c_w.l(libinit2.o)
    0x0800021e   0x0800021e   0x00000006   Code   RO          984    .ARM.Collect$$libinit$$00000011  c_w.l(libinit2.o)
    0x08000224   0x08000224   0x00000000   Code   RO          986    .ARM.Collect$$libinit$$00000013  c_w.l(libinit2.o)
    0x08000224   0x08000224   0x0000000c   Code   RO          987    .ARM.Collect$$libinit$$00000014  c_w.l(libinit2.o)
    0x08000230   0x08000230   0x00000000   Code   RO          988    .ARM.Collect$$libinit$$00000015  c_w.l(libinit2.o)
    0x08000230   0x08000230   0x00000000   Code   RO          990    .ARM.Collect$$libinit$$00000017  c_w.l(libinit2.o)
    0x08000230   0x08000230   0x0000000a   Code   RO          991    .ARM.Collect$$libinit$$00000018  c_w.l(libinit2.o)
    0x0800023a   0x0800023a   0x00000000   Code   RO          992    .ARM.Collect$$libinit$$00000019  c_w.l(libinit2.o)
    0x0800023a   0x0800023a   0x00000000   Code   RO          994    .ARM.Collect$$libinit$$0000001B  c_w.l(libinit2.o)
    0x0800023a   0x0800023a   0x00000000   Code   RO          996    .ARM.Collect$$libinit$$0000001D  c_w.l(libinit2.o)
    0x0800023a   0x0800023a   0x00000000   Code   RO          998    .ARM.Collect$$libinit$$0000001F  c_w.l(libinit2.o)
    0x0800023a   0x0800023a   0x00000000   Code   RO         1000    .ARM.Collect$$libinit$$00000021  c_w.l(libinit2.o)
    0x0800023a   0x0800023a   0x00000000   Code   RO         1002    .ARM.Collect$$libinit$$00000023  c_w.l(libinit2.o)
    0x0800023a   0x0800023a   0x00000000   Code   RO         1004    .ARM.Collect$$libinit$$00000025  c_w.l(libinit2.o)
    0x0800023a   0x0800023a   0x00000000   Code   RO         1006    .ARM.Collect$$libinit$$00000027  c_w.l(libinit2.o)
    0x0800023a   0x0800023a   0x00000000   Code   RO         1010    .ARM.Collect$$libinit$$0000002E  c_w.l(libinit2.o)
    0x0800023a   0x0800023a   0x00000000   Code   RO         1012    .ARM.Collect$$libinit$$00000030  c_w.l(libinit2.o)
    0x0800023a   0x0800023a   0x00000000   Code   RO         1014    .ARM.Collect$$libinit$$00000032  c_w.l(libinit2.o)
    0x0800023a   0x0800023a   0x00000000   Code   RO         1016    .ARM.Collect$$libinit$$00000034  c_w.l(libinit2.o)
    0x0800023a   0x0800023a   0x00000002   Code   RO         1017    .ARM.Collect$$libinit$$00000035  c_w.l(libinit2.o)
    0x0800023c   0x0800023c   0x00000002   Code   RO         1041    .ARM.Collect$$libshutdown$$00000000  c_w.l(libshutdown.o)
    0x0800023e   0x0800023e   0x00000000   Code   RO         1056    .ARM.Collect$$libshutdown$$00000002  c_w.l(libshutdown2.o)
    0x0800023e   0x0800023e   0x00000000   Code   RO         1058    .ARM.Collect$$libshutdown$$00000004  c_w.l(libshutdown2.o)
    0x0800023e   0x0800023e   0x00000000   Code   RO         1061    .ARM.Collect$$libshutdown$$00000007  c_w.l(libshutdown2.o)
    0x0800023e   0x0800023e   0x00000000   Code   RO         1064    .ARM.Collect$$libshutdown$$0000000A  c_w.l(libshutdown2.o)
    0x0800023e   0x0800023e   0x00000000   Code   RO         1066    .ARM.Collect$$libshutdown$$0000000C  c_w.l(libshutdown2.o)
    0x0800023e   0x0800023e   0x00000000   Code   RO         1069    .ARM.Collect$$libshutdown$$0000000F  c_w.l(libshutdown2.o)
    0x0800023e   0x0800023e   0x00000002   Code   RO         1070    .ARM.Collect$$libshutdown$$00000010  c_w.l(libshutdown2.o)
    0x08000240   0x08000240   0x00000000   Code   RO          768    .ARM.Collect$$rtentry$$00000000  c_w.l(__rtentry.o)
    0x08000240   0x08000240   0x00000000   Code   RO          873    .ARM.Collect$$rtentry$$00000002  c_w.l(__rtentry2.o)
    0x08000240   0x08000240   0x00000006   Code   RO          885    .ARM.Collect$$rtentry$$00000004  c_w.l(__rtentry4.o)
    0x08000246   0x08000246   0x00000008   Code   RO          874    .ARM.Collect$$rtentry$$00000008  c_w.l(__rtentry2.o)
    0x0800024e   0x0800024e   0x00000004   Code   RO          876    .ARM.Collect$$rtentry$$0000000A  c_w.l(__rtentry2.o)
    0x08000252   0x08000252   0x00000000   Code   RO          878    .ARM.Collect$$rtentry$$0000000C  c_w.l(__rtentry2.o)
    0x08000252   0x08000252   0x00000008   Code   RO          879    .ARM.Collect$$rtentry$$0000000D  c_w.l(__rtentry2.o)
    0x0800025a   0x0800025a   0x00000002   Code   RO          962    .ARM.Collect$$rtexit$$00000000  c_w.l(rtexit.o)
    0x0800025c   0x0800025c   0x00000000   Code   RO         1019    .ARM.Collect$$rtexit$$00000002  c_w.l(rtexit2.o)
    0x0800025c   0x0800025c   0x00000004   Code   RO         1020    .ARM.Collect$$rtexit$$00000003  c_w.l(rtexit2.o)
    0x08000260   0x08000260   0x00000006   Code   RO         1021    .ARM.Collect$$rtexit$$00000004  c_w.l(rtexit2.o)
    0x08000266   0x08000266   0x00000002   PAD
    0x08000268   0x08000268   0x00000040   Code   RO          262    .text               startup_stm32f10x_md.o
    0x080002a8   0x080002a8   0x0000002c   Code   RO          756    .text               c_w.l(sprintf.o)
    0x080002d4   0x080002d4   0x0000008a   Code   RO          758    .text               c_w.l(rt_memcpy_v6.o)
    0x0800035e   0x0800035e   0x00000010   Code   RO          760    .text               c_w.l(aeabi_memset4.o)
    0x0800036e   0x0800036e   0x00000044   Code   RO          762    .text               c_w.l(rt_memclr.o)
    0x080003b2   0x080003b2   0x00000006   Code   RO          764    .text               c_w.l(heapauxi.o)
    0x080003b8   0x080003b8   0x0000004e   Code   RO          771    .text               c_w.l(_printf_pad.o)
    0x08000406   0x08000406   0x00000024   Code   RO          773    .text               c_w.l(_printf_truncate.o)
    0x0800042a   0x0800042a   0x00000052   Code   RO          775    .text               c_w.l(_printf_str.o)
    0x0800047c   0x0800047c   0x00000078   Code   RO          777    .text               c_w.l(_printf_dec.o)
    0x080004f4   0x080004f4   0x00000028   Code   RO          779    .text               c_w.l(_printf_charcount.o)
    0x0800051c   0x0800051c   0x00000030   Code   RO          781    .text               c_w.l(_printf_char_common.o)
    0x0800054c   0x0800054c   0x0000000a   Code   RO          783    .text               c_w.l(_sputc.o)
    0x08000556   0x08000556   0x00000002   PAD
    0x08000558   0x08000558   0x000000bc   Code   RO          785    .text               c_w.l(_printf_wctomb.o)
    0x08000614   0x08000614   0x0000007c   Code   RO          788    .text               c_w.l(_printf_longlong_dec.o)
    0x08000690   0x08000690   0x00000070   Code   RO          794    .text               c_w.l(_printf_oct_int_ll.o)
    0x08000700   0x08000700   0x00000094   Code   RO          814    .text               c_w.l(_printf_hex_int_ll_ptr.o)
    0x08000794   0x08000794   0x00000188   Code   RO          834    .text               c_w.l(__printf_flags_ss_wp.o)
    0x0800091c   0x0800091c   0x00000064   Code   RO          860    .text               c_w.l(rt_memcpy_w.o)
    0x08000980   0x08000980   0x0000004e   Code   RO          862    .text               c_w.l(rt_memclr_w.o)
    0x080009ce   0x080009ce   0x0000008a   Code   RO          887    .text               c_w.l(lludiv10.o)
    0x08000a58   0x08000a58   0x000000b2   Code   RO          889    .text               c_w.l(_printf_intcommon.o)
    0x08000b0a   0x08000b0a   0x0000041c   Code   RO          891    .text               c_w.l(_printf_fp_dec.o)
    0x08000f26   0x08000f26   0x00000002   PAD
    0x08000f28   0x08000f28   0x000002fc   Code   RO          895    .text               c_w.l(_printf_fp_hex.o)
    0x08001224   0x08001224   0x0000002c   Code   RO          900    .text               c_w.l(_printf_char.o)
    0x08001250   0x08001250   0x0000002c   Code   RO          902    .text               c_w.l(_printf_wchar.o)
    0x0800127c   0x0800127c   0x00000048   Code   RO          905    .text               c_w.l(_c16rtomb.o)
    0x080012c4   0x080012c4   0x0000004a   Code   RO          907    .text               c_w.l(sys_stackheap_outer.o)
    0x0800130e   0x0800130e   0x00000002   PAD
    0x08001310   0x08001310   0x00000010   Code   RO          909    .text               c_w.l(rt_ctype_table.o)
    0x08001320   0x08001320   0x00000008   Code   RO          914    .text               c_w.l(rt_locale_intlibspace.o)
    0x08001328   0x08001328   0x00000080   Code   RO          916    .text               c_w.l(_printf_fp_infnan.o)
    0x080013a8   0x080013a8   0x000000e4   Code   RO          918    .text               c_w.l(bigflt0.o)
    0x0800148c   0x0800148c   0x00000012   Code   RO          948    .text               c_w.l(exit.o)
    0x0800149e   0x0800149e   0x00000002   PAD
    0x080014a0   0x080014a0   0x00000008   Code   RO          959    .text               c_w.l(libspace.o)
    0x080014a8   0x080014a8   0x00000080   Code   RO          969    .text               c_w.l(strcmpv7m.o)
    0x08001528   0x08001528   0x0000000c   Code   RO         1031    .text               c_w.l(sys_exit.o)
    0x08001534   0x08001534   0x00000002   Code   RO         1046    .text               c_w.l(use_no_semi.o)
    0x08001536   0x08001536   0x00000000   Code   RO         1048    .text               c_w.l(indicate_semi.o)
    0x08001536   0x08001536   0x00000002   PAD
    0x08001538   0x08001538   0x0000003a   Code   RO           12    .text.ADC2_Read     main.o
    0x08001572   0x08001572   0x00000002   PAD
    0x08001574   0x08001574   0x00000058   Code   RO            8    .text.ADC_Config    main.o
    0x080015cc   0x080015cc   0x00000050   Code   RO           51    .text.IRQ_Context   cmsis_os2.o
    0x0800161c   0x0800161c   0x00000090   Code   RO           14    .text.PWM_Init      main.o
    0x080016ac   0x080016ac   0x00000004   PAD
    0x080016b0   0x080016b0   0x00000044   Code   RO          361    .text.PendSV_Handler  port.o
    0x080016f4   0x080016f4   0x0000000c   PAD
    0x08001700   0x08001700   0x00000024   Code   RO          347    .text.SVC_Handler   port.o
    0x08001724   0x08001724   0x00000008   Code   RO          271    .text.SetSysClock   system_stm32f10x.o
    0x0800172c   0x0800172c   0x00000122   Code   RO          275    .text.SetSysClockTo72  system_stm32f10x.o
    0x0800184e   0x0800184e   0x00000002   PAD
    0x08001850   0x08001850   0x0000001e   Code   RO           47    .text.SysTick_Handler  cmsis_os2.o
    0x0800186e   0x0800186e   0x00000002   PAD
    0x08001870   0x08001870   0x00000066   Code   RO          269    .text.SystemInit    system_stm32f10x.o
    0x080018d6   0x080018d6   0x00000002   PAD
    0x080018d8   0x080018d8   0x00000040   Code   RO            2    .text.UART_Config   main.o
    0x08001918   0x08001918   0x0000002e   Code   RO            4    .text.UART_SendChar  main.o
    0x08001946   0x08001946   0x00000002   PAD
    0x08001948   0x08001948   0x00000022   Code   RO            6    .text.UART_SendString  main.o
    0x0800196a   0x0800196a   0x00000002   PAD
    0x0800196c   0x0800196c   0x00000028   Code   RO          243    .text._mutex_acquire  retarget_os_rtos2.o
    0x08001994   0x08001994   0x00000012   Code   RO          251    .text._mutex_free   retarget_os_rtos2.o
    0x080019a6   0x080019a6   0x00000002   PAD
    0x080019a8   0x080019a8   0x00000032   Code   RO          239    .text._mutex_initialize  retarget_os_rtos2.o
    0x080019da   0x080019da   0x00000002   PAD
    0x080019dc   0x080019dc   0x00000024   Code   RO          249    .text._mutex_release  retarget_os_rtos2.o
    0x08001a00   0x08001a00   0x00000002   Code   RO           39    .text._platform_post_stackheap_init  clib_os.o
    0x08001a02   0x08001a02   0x00000002   PAD
    0x08001a04   0x08001a04   0x00000020   Code   RO          247    .text.is_thread_mode  retarget_os_rtos2.o
    0x08001a24   0x08001a24   0x0000007a   Code   RO           24    .text.main          main.o
    0x08001a9e   0x08001a9e   0x00000002   PAD
    0x08001aa0   0x08001aa0   0x00000052   Code   RO           55    .text.osKernelGetState  cmsis_os2.o
    0x08001af2   0x08001af2   0x00000002   PAD
    0x08001af4   0x08001af4   0x0000009a   Code   RO          141    .text.osMutexAcquire  cmsis_os2.o
    0x08001b8e   0x08001b8e   0x00000002   PAD
    0x08001b90   0x08001b90   0x00000040   Code   RO          147    .text.osMutexDelete  cmsis_os2.o
    0x08001bd0   0x08001bd0   0x000000fe   Code   RO          139    .text.osMutexNew    cmsis_os2.o
    0x08001cce   0x08001cce   0x00000002   PAD
    0x08001cd0   0x08001cd0   0x0000007a   Code   RO          143    .text.osMutexRelease  cmsis_os2.o
    0x08001d4a   0x08001d4a   0x00000002   PAD
    0x08001d4c   0x08001d4c   0x00000020   Code   RO          241    .text.os_kernel_is_initialized  retarget_os_rtos2.o
    0x08001d6c   0x08001d6c   0x00000020   Code   RO          245    .text.os_kernel_is_running  retarget_os_rtos2.o
    0x08001d8c   0x08001d8c   0x0000010e   Code   RO          514    .text.prvAddCurrentTaskToDelayedList  tasks.o
    0x08001e9a   0x08001e9a   0x00000002   PAD
    0x08001e9c   0x08001e9c   0x00000170   Code   RO          498    .text.prvAddNewTaskToReadyList  tasks.o
    0x0800200c   0x0800200c   0x0000007e   Code   RO          676    .text.prvCheckForValidListAndQueue  timers.o
    0x0800208a   0x0800208a   0x00000002   PAD
    0x0800208c   0x0800208c   0x0000005a   Code   RO          548    .text.prvCheckTasksWaitingTermination  tasks.o
    0x080020e6   0x080020e6   0x00000002   PAD
    0x080020e8   0x080020e8   0x00000042   Code   RO          451    .text.prvCopyDataFromQueue  queue.o
    0x0800212a   0x0800212a   0x00000002   PAD
    0x0800212c   0x0800212c   0x000000cc   Code   RO          439    .text.prvCopyDataToQueue  queue.o
    0x080021f8   0x080021f8   0x000000c8   Code   RO          544    .text.prvCreateIdleTasks  tasks.o
    0x080022c0   0x080022c0   0x00000078   Code   RO          496    .text.prvCreateStaticTask  tasks.o
    0x08002338   0x08002338   0x0000008e   Code   RO          502    .text.prvCreateTask  tasks.o
    0x080023c6   0x080023c6   0x00000002   PAD
    0x080023c8   0x080023c8   0x0000003c   Code   RO          508    .text.prvDeleteTCB  tasks.o
    0x08002404   0x08002404   0x00000026   Code   RO          455    .text.prvGetDisinheritPriorityAfterTimeout  queue.o
    0x0800242a   0x0800242a   0x00000002   PAD
    0x0800242c   0x0800242c   0x00000040   Code   RO          722    .text.prvGetNextExpireTime  timers.o
    0x0800246c   0x0800246c   0x000000aa   Code   RO          375    .text.prvHeapInit   heap_4.o
    0x08002516   0x08002516   0x00000002   PAD
    0x08002518   0x08002518   0x00000038   Code   RO          638    .text.prvIdleTask   tasks.o
    0x08002550   0x08002550   0x0000002c   Code   RO          419    .text.prvInitialiseMutex  queue.o
    0x0800257c   0x0800257c   0x00000048   Code   RO          411    .text.prvInitialiseNewQueue  queue.o
    0x080025c4   0x080025c4   0x000000e6   Code   RO          634    .text.prvInitialiseNewTask  tasks.o
    0x080026aa   0x080026aa   0x00000002   PAD
    0x080026ac   0x080026ac   0x0000008e   Code   RO          636    .text.prvInitialiseTaskLists  tasks.o
    0x0800273a   0x0800273a   0x00000002   PAD
    0x0800273c   0x0800273c   0x000000d8   Code   RO          379    .text.prvInsertBlockIntoFreeList  heap_4.o
    0x08002814   0x08002814   0x00000086   Code   RO          736    .text.prvInsertTimerInActiveList  timers.o
    0x0800289a   0x0800289a   0x00000002   PAD
    0x0800289c   0x0800289c   0x00000028   Code   RO          453    .text.prvIsQueueEmpty  queue.o
    0x080028c4   0x080028c4   0x0000002e   Code   RO          441    .text.prvIsQueueFull  queue.o
    0x080028f2   0x080028f2   0x00000002   PAD
    0x080028f4   0x080028f4   0x00000020   Code   RO          353    .text.prvPortStartFirstTask  port.o
    0x08002914   0x08002914   0x00000054   Code   RO          730    .text.prvProcessExpiredTimer  timers.o
    0x08002968   0x08002968   0x0000014e   Code   RO          726    .text.prvProcessReceivedCommands  timers.o
    0x08002ab6   0x08002ab6   0x00000002   PAD
    0x08002ab8   0x08002ab8   0x0000009a   Code   RO          724    .text.prvProcessTimerOrBlockTask  timers.o
    0x08002b52   0x08002b52   0x00000002   PAD
    0x08002b54   0x08002b54   0x00000034   Code   RO          734    .text.prvReloadTimer  timers.o
    0x08002b88   0x08002b88   0x0000003c   Code   RO          506    .text.prvResetNextTaskUnblockTime  tasks.o
    0x08002bc4   0x08002bc4   0x00000044   Code   RO          728    .text.prvSampleTimeNow  timers.o
    0x08002c08   0x08002c08   0x00000052   Code   RO          732    .text.prvSwitchTimerLists  timers.o
    0x08002c5a   0x08002c5a   0x00000002   PAD
    0x08002c5c   0x08002c5c   0x00000026   Code   RO          345    .text.prvTaskExitError  port.o
    0x08002c82   0x08002c82   0x00000002   PAD
    0x08002c84   0x08002c84   0x0000001e   Code   RO          678    .text.prvTimerTask  timers.o
    0x08002ca2   0x08002ca2   0x00000002   PAD
    0x08002ca4   0x08002ca4   0x000000ae   Code   RO          443    .text.prvUnlockQueue  queue.o
    0x08002d52   0x08002d52   0x00000002   PAD
    0x08002d54   0x08002d54   0x000001b6   Code   RO          373    .text.pvPortMalloc  heap_4.o
    0x08002f0a   0x08002f0a   0x00000002   PAD
    0x08002f0c   0x08002f0c   0x00000024   Code   RO          612    .text.pvTaskIncrementMutexHeldCount  tasks.o
    0x08002f30   0x08002f30   0x00000050   Code   RO          343    .text.pxPortInitialiseStack  port.o
    0x08002f80   0x08002f80   0x0000004c   Code   RO           18    .text.task_ADC2     main.o
    0x08002fcc   0x08002fcc   0x00000044   Code   RO           20    .text.task_PWM      main.o
    0x08003010   0x08003010   0x0000005c   Code   RO           22    .text.task_UART     main.o
    0x0800306c   0x0800306c   0x00000048   Code   RO          334    .text.uxListRemove  list.o
    0x080030b4   0x080030b4   0x0000002a   Code   RO          628    .text.vApplicationGetIdleTaskMemory  tasks.o
    0x080030de   0x080030de   0x00000002   PAD
    0x080030e0   0x080030e0   0x0000002a   Code   RO          630    .text.vApplicationGetTimerTaskMemory  tasks.o
    0x0800310a   0x0800310a   0x00000002   PAD
    0x0800310c   0x0800310c   0x0000000a   Code   RO          201    .text.vApplicationStackOverflowHook  cmsis_os2.o
    0x08003116   0x08003116   0x00000002   PAD
    0x08003118   0x08003118   0x0000002e   Code   RO          326    .text.vListInitialise  list.o
    0x08003146   0x08003146   0x00000002   PAD
    0x08003148   0x08003148   0x0000000e   Code   RO          328    .text.vListInitialiseItem  list.o
    0x08003156   0x08003156   0x00000002   PAD
    0x08003158   0x08003158   0x0000006a   Code   RO          332    .text.vListInsert   list.o
    0x080031c2   0x080031c2   0x00000002   PAD
    0x080031c4   0x080031c4   0x00000030   Code   RO          357    .text.vPortEnterCritical  port.o
    0x080031f4   0x080031f4   0x00000026   Code   RO          359    .text.vPortExitCritical  port.o
    0x0800321a   0x0800321a   0x00000002   PAD
    0x0800321c   0x0800321c   0x00000076   Code   RO          377    .text.vPortFree     heap_4.o
    0x08003292   0x08003292   0x00000002   PAD
    0x08003294   0x08003294   0x00000044   Code   RO          351    .text.vPortSetupTimerInterrupt  port.o
    0x080032d8   0x080032d8   0x00000022   Code   RO          469    .text.vQueueDelete  queue.o
    0x080032fa   0x080032fa   0x00000002   PAD
    0x080032fc   0x080032fc   0x00000064   Code   RO          485    .text.vQueueWaitForMessageRestricted  queue.o
    0x08003360   0x08003360   0x0000004a   Code   RO          518    .text.vTaskDelay    tasks.o
    0x080033aa   0x080033aa   0x00000002   PAD
    0x080033ac   0x080033ac   0x00000024   Code   RO          582    .text.vTaskInternalSetTimeOutState  tasks.o
    0x080033d0   0x080033d0   0x0000000e   Code   RO          586    .text.vTaskMissedYield  tasks.o
    0x080033de   0x080033de   0x00000002   PAD
    0x080033e0   0x080033e0   0x00000026   Code   RO          570    .text.vTaskPlaceOnEventList  tasks.o
    0x08003406   0x08003406   0x00000002   PAD
    0x08003408   0x08003408   0x00000064   Code   RO          574    .text.vTaskPlaceOnEventListRestricted  tasks.o
    0x0800346c   0x0800346c   0x00000138   Code   RO          608    .text.vTaskPriorityDisinheritAfterTimeout  tasks.o
    0x080035a4   0x080035a4   0x00000072   Code   RO          542    .text.vTaskStartScheduler  tasks.o
    0x08003616   0x08003616   0x00000002   PAD
    0x08003618   0x08003618   0x00000010   Code   RO          512    .text.vTaskSuspendAll  tasks.o
    0x08003628   0x08003628   0x0000011c   Code   RO          534    .text.vTaskSwitchContext  tasks.o
    0x08003744   0x08003744   0x00000058   Code   RO          349    .text.xPortStartScheduler  port.o
    0x0800379c   0x0800379c   0x0000003e   Code   RO          363    .text.xPortSysTickHandler  port.o
    0x080037da   0x080037da   0x00000002   PAD
    0x080037dc   0x080037dc   0x00000026   Code   RO          417    .text.xQueueCreateMutex  queue.o
    0x08003802   0x08003802   0x00000002   PAD
    0x08003804   0x08003804   0x00000032   Code   RO          421    .text.xQueueCreateMutexStatic  queue.o
    0x08003836   0x08003836   0x00000002   PAD
    0x08003838   0x08003838   0x00000086   Code   RO          415    .text.xQueueGenericCreate  queue.o
    0x080038be   0x080038be   0x00000002   PAD
    0x080038c0   0x080038c0   0x0000006c   Code   RO          409    .text.xQueueGenericCreateStatic  queue.o
    0x0800392c   0x0800392c   0x000000d0   Code   RO          407    .text.xQueueGenericReset  queue.o
    0x080039fc   0x080039fc   0x0000016a   Code   RO          429    .text.xQueueGenericSend  queue.o
    0x08003b66   0x08003b66   0x00000002   PAD
    0x08003b68   0x08003b68   0x00000050   Code   RO          427    .text.xQueueGiveMutexRecursive  queue.o
    0x08003bb8   0x08003bb8   0x00000152   Code   RO          449    .text.xQueueReceive  queue.o
    0x08003d0a   0x08003d0a   0x00000002   PAD
    0x08003d0c   0x08003d0c   0x0000019e   Code   RO          433    .text.xQueueSemaphoreTake  queue.o
    0x08003eaa   0x08003eaa   0x00000002   PAD
    0x08003eac   0x08003eac   0x00000052   Code   RO          431    .text.xQueueTakeMutexRecursive  queue.o
    0x08003efe   0x08003efe   0x00000002   PAD
    0x08003f00   0x08003f00   0x000000c4   Code   RO          584    .text.xTaskCheckForTimeOut  tasks.o
    0x08003fc4   0x08003fc4   0x00000052   Code   RO          500    .text.xTaskCreate   tasks.o
    0x08004016   0x08004016   0x00000002   PAD
    0x08004018   0x08004018   0x0000005c   Code   RO          494    .text.xTaskCreateStatic  tasks.o
    0x08004074   0x08004074   0x00000014   Code   RO          598    .text.xTaskGetCurrentTaskHandle  tasks.o
    0x08004088   0x08004088   0x00000038   Code   RO          602    .text.xTaskGetSchedulerState  tasks.o
    0x080040c0   0x080040c0   0x00000014   Code   RO          552    .text.xTaskGetTickCount  tasks.o
    0x080040d4   0x080040d4   0x0000025e   Code   RO          550    .text.xTaskIncrementTick  tasks.o
    0x08004332   0x08004332   0x00000002   PAD
    0x08004334   0x08004334   0x000000f2   Code   RO          606    .text.xTaskPriorityDisinherit  tasks.o
    0x08004426   0x08004426   0x00000002   PAD
    0x08004428   0x08004428   0x0000015c   Code   RO          604    .text.xTaskPriorityInherit  tasks.o
    0x08004584   0x08004584   0x00000194   Code   RO          576    .text.xTaskRemoveFromEventList  tasks.o
    0x08004718   0x08004718   0x0000023e   Code   RO          516    .text.xTaskResumeAll  tasks.o
    0x08004956   0x08004956   0x00000002   PAD
    0x08004958   0x08004958   0x00000078   Code   RO          674    .text.xTimerCreateTimerTask  timers.o
    0x080049d0   0x080049d0   0x0000003e   Code   RO          921    CL$$btod_d2e        c_w.l(btod.o)
    0x08004a0e   0x08004a0e   0x00000046   Code   RO          923    CL$$btod_d2e_denorm_low  c_w.l(btod.o)
    0x08004a54   0x08004a54   0x00000060   Code   RO          922    CL$$btod_d2e_norm_op1  c_w.l(btod.o)
    0x08004ab4   0x08004ab4   0x00000338   Code   RO          931    CL$$btod_div_common  c_w.l(btod.o)
    0x08004dec   0x08004dec   0x000000dc   Code   RO          928    CL$$btod_e2e        c_w.l(btod.o)
    0x08004ec8   0x08004ec8   0x0000002a   Code   RO          925    CL$$btod_ediv       c_w.l(btod.o)
    0x08004ef2   0x08004ef2   0x0000002a   Code   RO          924    CL$$btod_emul       c_w.l(btod.o)
    0x08004f1c   0x08004f1c   0x00000244   Code   RO          930    CL$$btod_mult_common  c_w.l(btod.o)
    0x08005160   0x08005160   0x00000028   Code   RO          957    i.__ARM_fpclassify  m_ws.l(fpclassify.o)
    0x08005188   0x08005188   0x0000000e   Code   RO          827    i._is_digit         c_w.l(__printf_wp.o)
    0x08005196   0x08005196   0x00000002   PAD
    0x08005198   0x08005198   0x0000002c   Code   RO          946    locale$$code        c_w.l(lc_numeric_c.o)
    0x080051c4   0x080051c4   0x0000002c   Code   RO          967    locale$$code        c_w.l(lc_ctype_c.o)
    0x080051f0   0x080051f0   0x00000004   Code   RO          864    x$fpl$printf1       fz_ws.l(printf1.o)
    0x080051f4   0x080051f4   0x00000004   Code   RO          866    x$fpl$printf2       fz_ws.l(printf2.o)
    0x080051f8   0x080051f8   0x00000000   Code   RO          956    x$fpl$usenofp       fz_ws.l(usenofp.o)
    0x080051f8   0x080051f8   0x00000008   Data   RO          786    .constdata          c_w.l(_printf_wctomb.o)
    0x08005200   0x08005200   0x00000028   Data   RO          815    .constdata          c_w.l(_printf_hex_int_ll_ptr.o)
    0x08005228   0x08005228   0x00000011   Data   RO          835    .constdata          c_w.l(__printf_flags_ss_wp.o)
    0x08005239   0x08005239   0x00000026   Data   RO          896    .constdata          c_w.l(_printf_fp_hex.o)
    0x0800525f   0x0800525f   0x00000001   PAD
    0x08005260   0x08005260   0x00000094   Data   RO          919    .constdata          c_w.l(bigflt0.o)
    0x080052f4   0x080052f4   0x0000005f   Data   RO           30    .rodata.str1.1      main.o
    0x08005353   0x08005353   0x00000005   Data   RO          666    .rodata.str1.1      tasks.o
    0x08005358   0x08005358   0x00000008   Data   RO          739    .rodata.str1.1      timers.o
    0x08005360   0x08005360   0x00000004   Data   RO          657    .rodata.uxTopUsedPriority  tasks.o
    0x08005364   0x08005364   0x00000020   Data   RO         1104    Region$$Table       anon$$obj.o
    0x08005384   0x08005384   0x0000001c   Data   RO          945    locale$$data        c_w.l(lc_numeric_c.o)
    0x080053a0   0x080053a0   0x00000110   Data   RO          966    locale$$data        c_w.l(lc_ctype_c.o)


    Execution Region RW_IRAM1 (Exec base: 0x20000000, Load base: 0x080054b0, Size: 0x00003070, Max: 0x00005000, ABSOLUTE)

    Exec Addr    Load Addr    Size         Type   Attr      Idx    E Section Name        Object

    0x20000000   0x080054b0   0x00000004   Data   RW          277    .data.SystemCoreClock  system_stm32f10x.o
    0x20000004   0x080054b4   0x00000004   Data   RW          365    .data.uxCriticalNesting  port.o
    0x20000008        -       0x00000060   Zero   RW          960    .bss                c_w.l(libspace.o)
    0x20000068        -       0x00000004   Zero   RW           26    .bss.ADCValue1      main.o
    0x2000006c        -       0x00000004   Zero   RW           28    .bss.ADCValue2      main.o
    0x20000070        -       0x00000004   Zero   RW          203    .bss.KernelState    cmsis_os2.o
    0x20000074        -       0x00000004   Zero   RW           27    .bss.f              main.o
    0x20000078        -       0x00000050   Zero   RW          747    .bss.prvCheckForValidListAndQueue.ucStaticTimerQueueStorage  timers.o
    0x200000c8        -       0x00000050   Zero   RW          746    .bss.prvCheckForValidListAndQueue.xStaticTimerQueue  timers.o
    0x20000118        -       0x00000004   Zero   RW          743    .bss.prvSampleTimeNow.xLastTime  timers.o
    0x2000011c        -       0x00000004   Zero   RW          640    .bss.pxCurrentTCB   tasks.o
    0x20000120        -       0x00000004   Zero   RW          741    .bss.pxCurrentTimerList  timers.o
    0x20000124        -       0x00000004   Zero   RW          647    .bss.pxDelayedTaskList  tasks.o
    0x20000128        -       0x00000004   Zero   RW          393    .bss.pxEnd          heap_4.o
    0x2000012c        -       0x00000004   Zero   RW          648    .bss.pxOverflowDelayedTaskList  tasks.o
    0x20000130        -       0x00000004   Zero   RW          742    .bss.pxOverflowTimerList  timers.o
    0x20000134        -       0x00000460   Zero   RW          651    .bss.pxReadyTasksLists  tasks.o
    0x20000594        -       0x00002000   Zero   RW          399    .bss.ucHeap         heap_4.o
    0x20002594        -       0x00000004   Zero   RW          645    .bss.uxCurrentNumberOfTasks  tasks.o
    0x20002598        -       0x00000004   Zero   RW          644    .bss.uxDeletedTasksWaitingCleanUp  tasks.o
    0x2000259c        -       0x00000004   Zero   RW          653    .bss.uxSchedulerSuspended  tasks.o
    0x200025a0        -       0x00000004   Zero   RW          641    .bss.uxTaskNumber   tasks.o
    0x200025a4        -       0x00000004   Zero   RW          652    .bss.uxTopReadyPriority  tasks.o
    0x200025a8        -       0x00000200   Zero   RW          661    .bss.vApplicationGetIdleTaskMemory.uxIdleTaskStack  tasks.o
    0x200027a8        -       0x0000005c   Zero   RW          660    .bss.vApplicationGetIdleTaskMemory.xIdleTaskTCB  tasks.o
    0x20002804        -       0x00000140   Zero   RW          663    .bss.vApplicationGetTimerTaskMemory.uxTimerTaskStack  tasks.o
    0x20002944        -       0x0000005c   Zero   RW          662    .bss.vApplicationGetTimerTaskMemory.xTimerTaskTCB  tasks.o
    0x200029a0        -       0x00000004   Zero   RW           29    .bss.w              main.o
    0x200029a4        -       0x00000014   Zero   RW          744    .bss.xActiveTimerList1  timers.o
    0x200029b8        -       0x00000014   Zero   RW          745    .bss.xActiveTimerList2  timers.o
    0x200029cc        -       0x00000014   Zero   RW          664    .bss.xDelayedTaskList1  tasks.o
    0x200029e0        -       0x00000014   Zero   RW          665    .bss.xDelayedTaskList2  tasks.o
    0x200029f4        -       0x00000004   Zero   RW          394    .bss.xFreeBytesRemaining  heap_4.o
    0x200029f8        -       0x00000004   Zero   RW          656    .bss.xIdleTaskHandles  tasks.o
    0x200029fc        -       0x00000004   Zero   RW          396    .bss.xMinimumEverFreeBytesRemaining  heap_4.o
    0x20002a00        -       0x00000004   Zero   RW          655    .bss.xNextTaskUnblockTime  tasks.o
    0x20002a04        -       0x00000004   Zero   RW          659    .bss.xNumOfOverflows  tasks.o
    0x20002a08        -       0x00000004   Zero   RW          397    .bss.xNumberOfSuccessfulAllocations  heap_4.o
    0x20002a0c        -       0x00000004   Zero   RW          398    .bss.xNumberOfSuccessfulFrees  heap_4.o
    0x20002a10        -       0x00000004   Zero   RW          658    .bss.xPendedTicks   tasks.o
    0x20002a14        -       0x00000014   Zero   RW          649    .bss.xPendingReadyList  tasks.o
    0x20002a28        -       0x00000004   Zero   RW          642    .bss.xSchedulerRunning  tasks.o
    0x20002a2c        -       0x00000008   Zero   RW          395    .bss.xStart         heap_4.o
    0x20002a34        -       0x00000014   Zero   RW          650    .bss.xSuspendedTaskList  tasks.o
    0x20002a48        -       0x00000014   Zero   RW          643    .bss.xTasksWaitingTermination  tasks.o
    0x20002a5c        -       0x00000004   Zero   RW          646    .bss.xTickCount     tasks.o
    0x20002a60        -       0x00000004   Zero   RW          738    .bss.xTimerQueue    timers.o
    0x20002a64        -       0x00000004   Zero   RW          740    .bss.xTimerTaskHandle  timers.o
    0x20002a68        -       0x00000004   Zero   RW          654    .bss.xYieldPendings  tasks.o
    0x20002a6c   0x080054b8   0x00000004   PAD
    0x20002a70        -       0x00000200   Zero   RW          260    HEAP                startup_stm32f10x_md.o
    0x20002c70        -       0x00000400   Zero   RW          259    STACK               startup_stm32f10x_md.o


==============================================================================

Image component sizes


      Code (inc. data)   RO Data    RW Data    ZI Data      Debug   Object Name

         2          0          0          0          0        514   clib_os.o
       796          0          0          0          4      29917   cmsis_os2.o
       942          0          0          0       8220       4494   heap_4.o
       238          0          0          0          0       2312   list.o
       792          0         95          0         16       4273   main.o
       558         12          0          4          0       2836   port.o
      2632          0          0          0          0      14903   queue.o
       240          0          0          0          0       2341   retarget_os_rtos2.o
        64         26        236          0       1536        820   startup_stm32f10x_md.o
       400          0          0          4          0       2946   system_stm32f10x.o
      5486          0          9          0       2296      27406   tasks.o
      1248         10          8          0        220      11198   timers.o

    ----------------------------------------------------------------------
     13528         60        380          8      12296     103960   Object Totals
         0          0         32          0          0          0   (incl. Generated)
       130         12          0          0          4          0   (incl. Padding)

    ----------------------------------------------------------------------

      Code (inc. data)   RO Data    RW Data    ZI Data      Debug   Library Member Name

         8          0          0          0          0         68   __main.o
       392          4         17          0          0         92   __printf_flags_ss_wp.o
        14          0          0          0          0         68   __printf_wp.o
         0          0          0          0          0          0   __rtentry.o
        20          0          0          0          0          0   __rtentry2.o
         6          0          0          0          0          0   __rtentry4.o
        94          8          0          0          0          0   __scatter.o
        26          0          0          0          0          0   __scatter_copy.o
        28          0          0          0          0          0   __scatter_zi.o
        72          0          0          0          0         96   _c16rtomb.o
         6          0          0          0          0          0   _printf_a.o
         6          0          0          0          0          0   _printf_c.o
        44          0          0          0          0        108   _printf_char.o
        48          6          0          0          0         96   _printf_char_common.o
        40          0          0          0          0         68   _printf_charcount.o
         6          0          0          0          0          0   _printf_d.o
       120         16          0          0          0         92   _printf_dec.o
         6          0          0          0          0          0   _printf_e.o
         6          0          0          0          0          0   _printf_f.o
      1052          0          0          0          0        148   _printf_fp_dec.o
       764          8         38          0          0        100   _printf_fp_hex.o
       128         16          0          0          0         84   _printf_fp_infnan.o
         6          0          0          0          0          0   _printf_g.o
       148          4         40          0          0        160   _printf_hex_int_ll_ptr.o
         6          0          0          0          0          0   _printf_i.o
       178          0          0          0          0         88   _printf_intcommon.o
        10          0          0          0          0          0   _printf_l.o
         6          0          0          0          0          0   _printf_lc.o
        10          0          0          0          0          0   _printf_ll.o
         6          0          0          0          0          0   _printf_lld.o
         6          0          0          0          0          0   _printf_lli.o
         6          0          0          0          0          0   _printf_llo.o
         6          0          0          0          0          0   _printf_llu.o
         6          0          0          0          0          0   _printf_llx.o
       124         16          0          0          0         92   _printf_longlong_dec.o
         6          0          0          0          0          0   _printf_ls.o
         6          0          0          0          0          0   _printf_n.o
         6          0          0          0          0          0   _printf_o.o
       112          8          0          0          0        124   _printf_oct_int_ll.o
         6          0          0          0          0          0   _printf_p.o
        78          0          0          0          0        108   _printf_pad.o
         0          0          0          0          0          0   _printf_percent.o
         4          0          0          0          0          0   _printf_percent_end.o
         6          0          0          0          0          0   _printf_s.o
        82          0          0          0          0         80   _printf_str.o
        36          0          0          0          0         84   _printf_truncate.o
         6          0          0          0          0          0   _printf_u.o
        44          0          0          0          0        108   _printf_wchar.o
       188          6          8          0          0         92   _printf_wctomb.o
         6          0          0          0          0          0   _printf_x.o
        10          0          0          0          0         68   _sputc.o
        16          0          0          0          0         68   aeabi_memset4.o
       228          4        148          0          0         96   bigflt0.o
      1936        128          0          0          0        668   btod.o
        18          0          0          0          0         80   exit.o
         6          0          0          0          0        152   heapauxi.o
         0          0          0          0          0          0   indicate_semi.o
        44         10        272          0          0         76   lc_ctype_c.o
        44         10         28          0          0         76   lc_numeric_c.o
         2          0          0          0          0          0   libinit.o
        30          0          0          0          0          0   libinit2.o
         2          0          0          0          0          0   libshutdown.o
         2          0          0          0          0          0   libshutdown2.o
         8          4          0          0         96         68   libspace.o
       138          0          0          0          0         80   lludiv10.o
        16          4          0          0          0         76   rt_ctype_table.o
         8          4          0          0          0         68   rt_locale_intlibspace.o
        68          0          0          0          0         68   rt_memclr.o
        78          0          0          0          0         80   rt_memclr_w.o
       138          0          0          0          0         68   rt_memcpy_v6.o
       100          0          0          0          0         80   rt_memcpy_w.o
         2          0          0          0          0          0   rtexit.o
        10          0          0          0          0          0   rtexit2.o
        44          6          0          0          0         84   sprintf.o
       128          0          0          0          0         68   strcmpv7m.o
        12          4          0          0          0         68   sys_exit.o
        74          0          0          0          0         80   sys_stackheap_outer.o
         2          0          0          0          0         68   use_no_semi.o
         4          0          0          0          0         68   printf1.o
         4          0          0          0          0         68   printf2.o
         0          0          0          0          0          0   usenofp.o
        40          0          0          0          0         68   fpclassify.o

    ----------------------------------------------------------------------
      7220        266        552          0         96       4400   Library Totals
        18          0          1          0          0          0   (incl. Padding)

    ----------------------------------------------------------------------

      Code (inc. data)   RO Data    RW Data    ZI Data      Debug   Library Name

      7154        266        551          0         96       4196   c_w.l
         8          0          0          0          0        136   fz_ws.l
        40          0          0          0          0         68   m_ws.l

    ----------------------------------------------------------------------
      7220        266        552          0         96       4400   Library Totals

    ----------------------------------------------------------------------

==============================================================================


      Code (inc. data)   RO Data    RW Data    ZI Data      Debug   

     20748        326        932          8      12392     105832   Grand Totals
     20748        326        932          8      12392     105832   ELF Image Totals
     20748        326        932          8          0          0   ROM Totals

==============================================================================

    Total RO  Size (Code + RO Data)                21680 (  21.17kB)
    Total RW  Size (RW Data + ZI Data)             12400 (  12.11kB)
    Total ROM Size (Code + RO Data + RW Data)      21688 (  21.18kB)

==============================================================================

